Archive member included to satisfy reference by file (symbol)

C:/ST/STM32CubeCLT_1.18.0/GNU-tools-for-STM32/bin/../lib/gcc/arm-none-eabi/13.3.1/../../../../arm-none-eabi/lib/thumb/v7e-m+dp/hard\libc_nano.a(libc_a-exit.o)
                              C:/ST/STM32CubeCLT_1.18.0/GNU-tools-for-STM32/bin/../lib/gcc/arm-none-eabi/13.3.1/../../../../arm-none-eabi/lib/thumb/v7e-m+dp/hard/crt0.o (exit)
C:/ST/STM32CubeCLT_1.18.0/GNU-tools-for-STM32/bin/../lib/gcc/arm-none-eabi/13.3.1/../../../../arm-none-eabi/lib/thumb/v7e-m+dp/hard\libc_nano.a(libc_a-findfp.o)
                              C:/ST/STM32CubeCLT_1.18.0/GNU-tools-for-STM32/bin/../lib/gcc/arm-none-eabi/13.3.1/../../../../arm-none-eabi/lib/thumb/v7e-m+dp/hard\libc_nano.a(libc_a-exit.o) (__stdio_exit_handler)
C:/ST/STM32CubeCLT_1.18.0/GNU-tools-for-STM32/bin/../lib/gcc/arm-none-eabi/13.3.1/../../../../arm-none-eabi/lib/thumb/v7e-m+dp/hard\libc_nano.a(libc_a-fwalk.o)
                              C:/ST/STM32CubeCLT_1.18.0/GNU-tools-for-STM32/bin/../lib/gcc/arm-none-eabi/13.3.1/../../../../arm-none-eabi/lib/thumb/v7e-m+dp/hard\libc_nano.a(libc_a-findfp.o) (_fwalk_sglue)
C:/ST/STM32CubeCLT_1.18.0/GNU-tools-for-STM32/bin/../lib/gcc/arm-none-eabi/13.3.1/../../../../arm-none-eabi/lib/thumb/v7e-m+dp/hard\libc_nano.a(libc_a-stdio.o)
                              C:/ST/STM32CubeCLT_1.18.0/GNU-tools-for-STM32/bin/../lib/gcc/arm-none-eabi/13.3.1/../../../../arm-none-eabi/lib/thumb/v7e-m+dp/hard\libc_nano.a(libc_a-findfp.o) (__sread)
C:/ST/STM32CubeCLT_1.18.0/GNU-tools-for-STM32/bin/../lib/gcc/arm-none-eabi/13.3.1/../../../../arm-none-eabi/lib/thumb/v7e-m+dp/hard\libc_nano.a(libc_a-memset.o)
                              C:/ST/STM32CubeCLT_1.18.0/GNU-tools-for-STM32/bin/../lib/gcc/arm-none-eabi/13.3.1/../../../../arm-none-eabi/lib/thumb/v7e-m+dp/hard/crt0.o (memset)
C:/ST/STM32CubeCLT_1.18.0/GNU-tools-for-STM32/bin/../lib/gcc/arm-none-eabi/13.3.1/../../../../arm-none-eabi/lib/thumb/v7e-m+dp/hard\libc_nano.a(libc_a-closer.o)
                              C:/ST/STM32CubeCLT_1.18.0/GNU-tools-for-STM32/bin/../lib/gcc/arm-none-eabi/13.3.1/../../../../arm-none-eabi/lib/thumb/v7e-m+dp/hard\libc_nano.a(libc_a-stdio.o) (_close_r)
C:/ST/STM32CubeCLT_1.18.0/GNU-tools-for-STM32/bin/../lib/gcc/arm-none-eabi/13.3.1/../../../../arm-none-eabi/lib/thumb/v7e-m+dp/hard\libc_nano.a(libc_a-reent.o)
                              C:/ST/STM32CubeCLT_1.18.0/GNU-tools-for-STM32/bin/../lib/gcc/arm-none-eabi/13.3.1/../../../../arm-none-eabi/lib/thumb/v7e-m+dp/hard\libc_nano.a(libc_a-closer.o) (errno)
C:/ST/STM32CubeCLT_1.18.0/GNU-tools-for-STM32/bin/../lib/gcc/arm-none-eabi/13.3.1/../../../../arm-none-eabi/lib/thumb/v7e-m+dp/hard\libc_nano.a(libc_a-impure.o)
                              C:/ST/STM32CubeCLT_1.18.0/GNU-tools-for-STM32/bin/../lib/gcc/arm-none-eabi/13.3.1/../../../../arm-none-eabi/lib/thumb/v7e-m+dp/hard\libc_nano.a(libc_a-reent.o) (_impure_ptr)
C:/ST/STM32CubeCLT_1.18.0/GNU-tools-for-STM32/bin/../lib/gcc/arm-none-eabi/13.3.1/../../../../arm-none-eabi/lib/thumb/v7e-m+dp/hard\libc_nano.a(libc_a-lseekr.o)
                              C:/ST/STM32CubeCLT_1.18.0/GNU-tools-for-STM32/bin/../lib/gcc/arm-none-eabi/13.3.1/../../../../arm-none-eabi/lib/thumb/v7e-m+dp/hard\libc_nano.a(libc_a-stdio.o) (_lseek_r)
C:/ST/STM32CubeCLT_1.18.0/GNU-tools-for-STM32/bin/../lib/gcc/arm-none-eabi/13.3.1/../../../../arm-none-eabi/lib/thumb/v7e-m+dp/hard\libc_nano.a(libc_a-readr.o)
                              C:/ST/STM32CubeCLT_1.18.0/GNU-tools-for-STM32/bin/../lib/gcc/arm-none-eabi/13.3.1/../../../../arm-none-eabi/lib/thumb/v7e-m+dp/hard\libc_nano.a(libc_a-stdio.o) (_read_r)
C:/ST/STM32CubeCLT_1.18.0/GNU-tools-for-STM32/bin/../lib/gcc/arm-none-eabi/13.3.1/../../../../arm-none-eabi/lib/thumb/v7e-m+dp/hard\libc_nano.a(libc_a-writer.o)
                              C:/ST/STM32CubeCLT_1.18.0/GNU-tools-for-STM32/bin/../lib/gcc/arm-none-eabi/13.3.1/../../../../arm-none-eabi/lib/thumb/v7e-m+dp/hard\libc_nano.a(libc_a-stdio.o) (_write_r)
C:/ST/STM32CubeCLT_1.18.0/GNU-tools-for-STM32/bin/../lib/gcc/arm-none-eabi/13.3.1/../../../../arm-none-eabi/lib/thumb/v7e-m+dp/hard\libc_nano.a(libc_a-init.o)
                              C:/ST/STM32CubeCLT_1.18.0/GNU-tools-for-STM32/bin/../lib/gcc/arm-none-eabi/13.3.1/../../../../arm-none-eabi/lib/thumb/v7e-m+dp/hard/crt0.o (__libc_init_array)
C:/ST/STM32CubeCLT_1.18.0/GNU-tools-for-STM32/bin/../lib/gcc/arm-none-eabi/13.3.1/../../../../arm-none-eabi/lib/thumb/v7e-m+dp/hard\libc_nano.a(libc_a-lock.o)
                              C:/ST/STM32CubeCLT_1.18.0/GNU-tools-for-STM32/bin/../lib/gcc/arm-none-eabi/13.3.1/../../../../arm-none-eabi/lib/thumb/v7e-m+dp/hard\libc_nano.a(libc_a-findfp.o) (__retarget_lock_init_recursive)
C:/ST/STM32CubeCLT_1.18.0/GNU-tools-for-STM32/bin/../lib/gcc/arm-none-eabi/13.3.1/../../../../arm-none-eabi/lib/thumb/v7e-m+dp/hard\libc_nano.a(libc_a-freer.o)
[...]
Memory Configuration

Name             Origin             Length             Attributes
DTCMRAM          0x20000000         0x00020000         xrw
RAM              0x24000000         0x00020000         xrw
RAM_D2           0x30000000         0x00008000         xrw
RAM_D3           0x38000000         0x00004000         xrw
ITCMRAM          0x00000000         0x00010000         xrw
FLASH            0x08000000         0x00100000         xr
*default*        0x00000000         0xffffffff

Linker script and memory map

LOAD C:/ST/STM32CubeCLT_1.18.0/GNU-tools-for-STM32/bin/../lib/gcc/arm-none-eabi/13.3.1/thumb/v7e-m+dp/hard/crti.o
LOAD C:/ST/STM32CubeCLT_1.18.0/GNU-tools-for-STM32/bin/../lib/gcc/arm-none-eabi/13.3.1/thumb/v7e-m+dp/hard/crtbegin.o
LOAD C:/ST/STM32CubeCLT_1.18.0/GNU-tools-for-STM32/bin/../lib/gcc/arm-none-eabi/13.3.1/../../../../arm-none-eabi/lib/thumb/v7e-m+dp/hard/crt0.o
START GROUP
LOAD C:/ST/STM32CubeCLT_1.18.0/GNU-tools-for-STM32/bin/../lib/gcc/arm-none-eabi/13.3.1/../../../../arm-none-eabi/lib/thumb/v7e-m+dp/hard\libc_nano.a
LOAD C:/ST/STM32CubeCLT_1.18.0/GNU-tools-for-STM32/bin/../lib/gcc/arm-none-eabi/13.3.1/../../../../arm-none-eabi/lib/thumb/v7e-m+dp/hard\libm.a
END GROUP
LOAD CMakeFiles/vidastech_main.dir/Core/Src/modules/max31855/max31855_thread.c.obj
LOAD CMakeFiles/vidastech_main.dir/Core/Src/modules/max31855/max31855_driver.c.obj
LOAD CMakeFiles/vidastech_main.dir/Core/Src/modules/max31855/max31855_control.c.obj
LOAD CMakeFiles/vidastech_main.dir/Core/Src/modules/max31865/max31865_thread.c.obj
LOAD CMakeFiles/vidastech_main.dir/Core/Src/modules/max31865/max31865_driver.c.obj
LOAD CMakeFiles/vidastech_main.dir/Core/Src/modules/max31865/max31865_control.c.obj
LOAD CMakeFiles/vidastech_main.dir/Core/Src/modules/ssd1306/ssd1306_thread.c.obj
LOAD CMakeFiles/vidastech_main.dir/Core/Src/modules/ssd1306/ssd1306_driver.c.obj
LOAD CMakeFiles/vidastech_main.dir/Core/Src/modules/ssd1306/ssd1306_control.c.obj
LOAD CMakeFiles/vidastech_main.dir/Core/Src/modules/bme68x/bme68x_thread.c.obj
LOAD CMakeFiles/vidastech_main.dir/Core/Src/modules/bme68x/bme68x_driver.c.obj
LOAD CMakeFiles/vidastech_main.dir/Core/Src/modules/bme68x/bme68x_control.c.obj
LOAD CMakeFiles/vidastech_main.dir/Core/Src/main.c.obj
LOAD CMakeFiles/vidastech_main.dir/Core/Src/freertos.c.obj
LOAD CMakeFiles/vidastech_main.dir/Core/Src/stm32h7xx_it.c.obj
LOAD CMakeFiles/vidastech_main.dir/Core/Src/stm32h7xx_hal_msp.c.obj
LOAD CMakeFiles/vidastech_main.dir/Drivers/STM32H7xx_HAL_Driver/Src/stm32h7xx_hal_adc.c.obj
LOAD CMakeFiles/vidastech_main.dir/Drivers/STM32H7xx_HAL_Driver/Src/stm32h7xx_hal_adc_ex.c.obj
LOAD CMakeFiles/vidastech_main.dir/Drivers/STM32H7xx_HAL_Driver/Src/stm32h7xx_hal_rcc.c.obj
LOAD CMakeFiles/vidastech_main.dir/Drivers/STM32H7xx_HAL_Driver/Src/stm32h7xx_hal_rcc_ex.c.obj
LOAD CMakeFiles/vidastech_main.dir/Drivers/STM32H7xx_HAL_Driver/Src/stm32h7xx_hal_flash.c.obj
LOAD CMakeFiles/vidastech_main.dir/Drivers/STM32H7xx_HAL_Driver/Src/stm32h7xx_hal_flash_ex.c.obj
LOAD CMakeFiles/vidastech_main.dir/Drivers/STM32H7xx_HAL_Driver/Src/stm32h7xx_hal_gpio.c.obj
LOAD CMakeFiles/vidastech_main.dir/Drivers/STM32H7xx_HAL_Driver/Src/stm32h7xx_hal_hsem.c.obj
LOAD CMakeFiles/vidastech_main.dir/Drivers/STM32H7xx_HAL_Driver/Src/stm32h7xx_hal_dma.c.obj
LOAD CMakeFiles/vidastech_main.dir/Drivers/STM32H7xx_HAL_Driver/Src/stm32h7xx_hal_dma_ex.c.obj
LOAD CMakeFiles/vidastech_main.dir/Drivers/STM32H7xx_HAL_Driver/Src/stm32h7xx_hal_mdma.c.obj
LOAD CMakeFiles/vidastech_main.dir/Drivers/STM32H7xx_HAL_Driver/Src/stm32h7xx_hal_pwr.c.obj
LOAD CMakeFiles/vidastech_main.dir/Drivers/STM32H7xx_HAL_Driver/Src/stm32h7xx_hal_pwr_ex.c.obj
LOAD CMakeFiles/vidastech_main.dir/Drivers/STM32H7xx_HAL_Driver/Src/stm32h7xx_hal_cortex.c.obj
LOAD CMakeFiles/vidastech_main.dir/Drivers/STM32H7xx_HAL_Driver/Src/stm32h7xx_hal.c.obj
LOAD CMakeFiles/vidastech_main.dir/Drivers/STM32H7xx_HAL_Driver/Src/stm32h7xx_hal_i2c.c.obj
LOAD CMakeFiles/vidastech_main.dir/Drivers/STM32H7xx_HAL_Driver/Src/stm32h7xx_hal_i2c_ex.c.obj
LOAD CMakeFiles/vidastech_main.dir/Drivers/STM32H7xx_HAL_Driver/Src/stm32h7xx_hal_exti.c.obj
LOAD CMakeFiles/vidastech_main.dir/Drivers/STM32H7xx_HAL_Driver/Src/stm32h7xx_hal_fdcan.c.obj
LOAD CMakeFiles/vidastech_main.dir/Drivers/STM32H7xx_HAL_Driver/Src/stm32h7xx_hal_spi.c.obj
LOAD CMakeFiles/vidastech_main.dir/Drivers/STM32H7xx_HAL_Driver/Src/stm32h7xx_hal_spi_ex.c.obj
LOAD CMakeFiles/vidastech_main.dir/Drivers/STM32H7xx_HAL_Driver/Src/stm32h7xx_hal_uart.c.obj
LOAD CMakeFiles/vidastech_main.dir/Drivers/STM32H7xx_HAL_Driver/Src/stm32h7xx_hal_uart_ex.c.obj
LOAD CMakeFiles/vidastech_main.dir/Core/Src/system_stm32h7xx.c.obj
LOAD CMakeFiles/vidastech_main.dir/Middlewares/Third_Party/FreeRTOS/Source/croutine.c.obj
LOAD CMakeFiles/vidastech_main.dir/Middlewares/Third_Party/FreeRTOS/Source/event_groups.c.obj
LOAD CMakeFiles/vidastech_main.dir/Middlewares/Third_Party/FreeRTOS/Source/list.c.obj
LOAD CMakeFiles/vidastech_main.dir/Middlewares/Third_Party/FreeRTOS/Source/queue.c.obj
LOAD CMakeFiles/vidastech_main.dir/Middlewares/Third_Party/FreeRTOS/Source/stream_buffer.c.obj
LOAD CMakeFiles/vidastech_main.dir/Middlewares/Third_Party/FreeRTOS/Source/tasks.c.obj
LOAD CMakeFiles/vidastech_main.dir/Middlewares/Third_Party/FreeRTOS/Source/timers.c.obj
LOAD CMakeFiles/vidastech_main.dir/Middlewares/Third_Party/FreeRTOS/Source/CMSIS_RTOS_V2/cmsis_os2.c.obj
LOAD CMakeFiles/vidastech_main.dir/Middlewares/Third_Party/FreeRTOS/Source/portable/MemMang/heap_4.c.obj
LOAD CMakeFiles/vidastech_main.dir/Middlewares/Third_Party/FreeRTOS/Source/portable/GCC/ARM_CM4F/port.c.obj
LOAD CMakeFiles/vidastech_main.dir/Core/Src/sysmem.c.obj
LOAD CMakeFiles/vidastech_main.dir/Core/Src/syscalls.c.obj
LOAD CMakeFiles/vidastech_main.dir/startup_stm32h723xx.s.obj
START GROUP
LOAD C:/ST/STM32CubeCLT_1.18.0/GNU-tools-for-STM32/bin/../lib/gcc/arm-none-eabi/13.3.1/thumb/v7e-m+dp/hard\libgcc.a
LOAD C:/ST/STM32CubeCLT_1.18.0/GNU-tools-for-STM32/bin/../lib/gcc/arm-none-eabi/13.3.1/../../../../arm-none-eabi/lib/thumb/v7e-m+dp/hard\libg_nano.a
LOAD C:/ST/STM32CubeCLT_1.18.0/GNU-tools-for-STM32/bin/../lib/gcc/arm-none-eabi/13.3.1/../../../../arm-none-eabi/lib/thumb/v7e-m+dp/hard\libc_nano.a
END GROUP
START GROUP
LOAD C:/ST/STM32CubeCLT_1.18.0/GNU-tools-for-STM32/bin/../lib/gcc/arm-none-eabi/13.3.1/thumb/v7e-m+dp/hard\libgcc.a
LOAD C:/ST/STM32CubeCLT_1.18.0/GNU-tools-for-STM32/bin/../lib/gcc/arm-none-eabi/13.3.1/../../../../arm-none-eabi/lib/thumb/v7e-m+dp/hard\libc_nano.a
END GROUP
LOAD C:/ST/STM32CubeCLT_1.18.0/GNU-tools-for-STM32/bin/../lib/gcc/arm-none-eabi/13.3.1/thumb/v7e-m+dp/hard/crtend.o
LOAD C:/ST/STM32CubeCLT_1.18.0/GNU-tools-for-STM32/bin/../lib/gcc/arm-none-eabi/13.3.1/thumb/v7e-m+dp/hard/crtn.o
                0x20020000                        _estack = (ORIGIN (DTCMRAM) + LENGTH (DTCMRAM))
                0x00000200                        _Min_Heap_Size = 0x200
                0x00000400                        _Min_Stack_Size = 0x400

.isr_vector     0x08000000      0x2cc
                0x08000000                        . = ALIGN (0x4)
 *(.isr_vector)
 .isr_vector    0x08000000      0x2cc CMakeFiles/vidastech_main.dir/startup_stm32h723xx.s.obj
                0x08000000                g_pfnVectors
                0x080002cc                        . = ALIGN (0x4)

.text           0x080002d0     0xb588
                0x080002d0                        . = ALIGN (0x4)
 *(.text)
 .text          0x080002d0       0x40 C:/ST/STM32CubeCLT_1.18.0/GNU-tools-for-STM32/bin/../lib/gcc/arm-none-eabi/13.3.1/thumb/v7e-m+dp/hard/crtbegin.o
 .text          0x08000310       0x30 C:/ST/STM32CubeCLT_1.18.0/GNU-tools-for-STM32/bin/../lib/gcc/arm-none-eabi/13.3.1/thumb/v7e-m+dp/hard\libgcc.a(_aeabi_uldivmod.o)
                0x08000310                __aeabi_uldivmod
 .text          0x08000340      0x2f8 C:/ST/STM32CubeCLT_1.18.0/GNU-tools-for-STM32/bin/../lib/gcc/arm-none-eabi/13.3.1/thumb/v7e-m+dp/hard\libgcc.a(_udivmoddi4.o)
                0x08000340                __udivmoddi4
 .text          0x08000638        0x4 C:/ST/STM32CubeCLT_1.18.0/GNU-tools-for-STM32/bin/../lib/gcc/arm-none-eabi/13.3.1/thumb/v7e-m+dp/hard\libgcc.a(_dvmd_tls.o)
                0x08000638                __aeabi_idiv0
                0x08000638                __aeabi_ldiv0
 *(.text*)
 .text.memset   0x0800063c       0x10 C:/ST/STM32CubeCLT_1.18.0/GNU-tools-for-STM32/bin/../lib/gcc/arm-none-eabi/13.3.1/../../../../arm-none-eabi/lib/thumb/v7e-m+dp/hard\libc_nano.a(libc_a-memset.o)
                0x0800063c                memset
 .text.__libc_init_array
                0x0800064c       0x48 C:/ST/STM32CubeCLT_1.18.0/GNU-tools-for-STM32/bin/../lib/gcc/arm-none-eabi/13.3.1/../../../../arm-none-eabi/lib/thumb/v7e-m+dp/hard\libc_nano.a(libc_a-init.o)
                0x0800064c                __libc_init_array
 .text.main     0x08000694       0x5c CMakeFiles/vidastech_main.dir/Core/Src/main.c.obj
                0x08000694                main
 .text.SystemClock_Config
                0x080006f0       0xdc CMakeFiles/vidastech_main.dir/Core/Src/main.c.obj
                0x080006f0                SystemClock_Config
 .text.MX_ADC1_Init
                0x080007cc       0xf4 CMakeFiles/vidastech_main.dir/Core/Src/main.c.obj
 .text.MX_FDCAN1_Init
                0x080008c0       0xc8 CMakeFiles/vidastech_main.dir/Core/Src/main.c.obj
 .text.MX_FDCAN2_Init
                0x08000988       0xc8 CMakeFiles/vidastech_main.dir/Core/Src/main.c.obj
 .text.MX_I2C1_Init
                0x08000a50       0x80 CMakeFiles/vidastech_main.dir/Core/Src/main.c.obj
 .text.MX_I2C5_Init
                0x08000ad0       0x80 CMakeFiles/vidastech_main.dir/Core/Src/main.c.obj
 .text.MX_SPI5_Init
                0x08000b50       0xac CMakeFiles/vidastech_main.dir/Core/Src/main.c.obj
 .text.MX_USART2_UART_Init
                0x08000bfc       0xa0 CMakeFiles/vidastech_main.dir/Core/Src/main.c.obj
 .text.MX_USART6_UART_Init
                0x08000c9c       0xa0 CMakeFiles/vidastech_main.dir/Core/Src/main.c.obj
 .text.MX_GPIO_Init
                0x08000d3c      0x1cc CMakeFiles/vidastech_main.dir/Core/Src/main.c.obj
 .text.StartDefaultTask
                0x08000f08       0x10 CMakeFiles/vidastech_main.dir/Core/Src/main.c.obj
                0x08000f08                StartDefaultTask
 .text.MPU_Config
                0x08000f18       0x58 CMakeFiles/vidastech_main.dir/Core/Src/main.c.obj
 .text.Error_Handler
                0x08000f70        0xc CMakeFiles/vidastech_main.dir/Core/Src/main.c.obj
                0x08000f70                Error_Handler
 .text.NMI_Handler
                0x08000f7c        0x8 CMakeFiles/vidastech_main.dir/Core/Src/stm32h7xx_it.c.obj
                0x08000f7c                NMI_Handler
 .text.HardFault_Handler
                0x08000f84        0x8 CMakeFiles/vidastech_main.dir/Core/Src/stm32h7xx_it.c.obj
                0x08000f84                HardFault_Handler
 .text.MemManage_Handler
                0x08000f8c        0x8 CMakeFiles/vidastech_main.dir/Core/Src/stm32h7xx_it.c.obj
                0x08000f8c                MemManage_Handler
 .text.BusFault_Handler
                0x08000f94        0x8 CMakeFiles/vidastech_main.dir/Core/Src/stm32h7xx_it.c.obj
                0x08000f94                BusFault_Handler
 .text.UsageFault_Handler
                0x08000f9c        0x8 CMakeFiles/vidastech_main.dir/Core/Src/stm32h7xx_it.c.obj
                0x08000f9c                UsageFault_Handler
 .text.DebugMon_Handler
                0x08000fa4        0xe CMakeFiles/vidastech_main.dir/Core/Src/stm32h7xx_it.c.obj
                0x08000fa4                DebugMon_Handler
 .text.SysTick_Handler
                0x08000fb2       0x1a CMakeFiles/vidastech_main.dir/Core/Src/stm32h7xx_it.c.obj
                0x08000fb2                SysTick_Handler
 .text.HAL_MspInit
                0x08000fcc       0x3c CMakeFiles/vidastech_main.dir/Core/Src/stm32h7xx_hal_msp.c.obj
                0x08000fcc                HAL_MspInit
 .text.HAL_ADC_MspInit
                0x08001008      0x168 CMakeFiles/vidastech_main.dir/Core/Src/stm32h7xx_hal_msp.c.obj
                0x08001008                HAL_ADC_MspInit
 .text.HAL_FDCAN_MspInit
                0x08001170      0x1a0 CMakeFiles/vidastech_main.dir/Core/Src/stm32h7xx_hal_msp.c.obj
                0x08001170                HAL_FDCAN_MspInit
 .text.HAL_I2C_MspInit
                0x08001310      0x174 CMakeFiles/vidastech_main.dir/Core/Src/stm32h7xx_hal_msp.c.obj
                0x08001310                HAL_I2C_MspInit
 .text.HAL_SPI_MspInit
                0x08001484       0xd0 CMakeFiles/vidastech_main.dir/Core/Src/stm32h7xx_hal_msp.c.obj
                0x08001484                HAL_SPI_MspInit
 .text.HAL_UART_MspInit
                0x08001554      0x174 CMakeFiles/vidastech_main.dir/Core/Src/stm32h7xx_hal_msp.c.obj
                0x08001554                HAL_UART_MspInit
 .text.LL_ADC_SetCommonClock
                0x080016c8       0x26 CMakeFiles/vidastech_main.dir/Drivers/STM32H7xx_HAL_Driver/Src/stm32h7xx_hal_adc.c.obj
 .text.LL_ADC_SetCommonPathInternalCh
                0x080016ee       0x26 CMakeFiles/vidastech_main.dir/Drivers/STM32H7xx_HAL_Driver/Src/stm32h7xx_hal_adc.c.obj
 .text.LL_ADC_GetCommonPathInternalCh
                0x08001714       0x1c CMakeFiles/vidastech_main.dir/Drivers/STM32H7xx_HAL_Driver/Src/stm32h7xx_hal_adc.c.obj
 .text.LL_ADC_SetChannelPreselection
                0x08001730       0x74 CMakeFiles/vidastech_main.dir/Drivers/STM32H7xx_HAL_Driver/Src/stm32h7xx_hal_adc.c.obj
 .text.LL_ADC_SetOffset
                0x080017a4       0x64 CMakeFiles/vidastech_main.dir/Drivers/STM32H7xx_HAL_Driver/Src/stm32h7xx_hal_adc.c.obj
 .text.LL_ADC_GetOffsetChannel
                0x08001808       0x2c CMakeFiles/vidastech_main.dir/Drivers/STM32H7xx_HAL_Driver/Src/stm32h7xx_hal_adc.c.obj
 .text.LL_ADC_SetDataRightShift
                0x08001834       0x32 CMakeFiles/vidastech_main.dir/Drivers/STM32H7xx_HAL_Driver/Src/stm32h7xx_hal_adc.c.obj
 *fill*         0x08001866        0x2 
 .text.LL_ADC_SetOffsetSignedSaturation
                0x08001868       0x44 CMakeFiles/vidastech_main.dir/Drivers/STM32H7xx_HAL_Driver/Src/stm32h7xx_hal_adc.c.obj
 .text.LL_ADC_SetOffsetSaturation
                0x080018ac       0x44 CMakeFiles/vidastech_main.dir/Drivers/STM32H7xx_HAL_Driver/Src/stm32h7xx_hal_adc.c.obj
 .text.LL_ADC_SetOffsetSign
                0x080018f0       0x44 CMakeFiles/vidastech_main.dir/Drivers/STM32H7xx_HAL_Driver/Src/stm32h7xx_hal_adc.c.obj
 .text.LL_ADC_SetOffsetState
                0x08001934       0x54 CMakeFiles/vidastech_main.dir/Drivers/STM32H7xx_HAL_Driver/Src/stm32h7xx_hal_adc.c.obj
 .text.LL_ADC_REG_SetSequencerRanks
                0x08001988       0x58 CMakeFiles/vidastech_main.dir/Drivers/STM32H7xx_HAL_Driver/Src/stm32h7xx_hal_adc.c.obj
 .text.LL_ADC_SetChannelSamplingTime
                0x080019e0       0x56 CMakeFiles/vidastech_main.dir/Drivers/STM32H7xx_HAL_Driver/Src/stm32h7xx_hal_adc.c.obj
 *fill*         0x08001a36        0x2 
 .text.LL_ADC_SetChannelSingleDiff
                0x08001a38       0x80 CMakeFiles/vidastech_main.dir/Drivers/STM32H7xx_HAL_Driver/Src/stm32h7xx_hal_adc.c.obj
 .text.LL_ADC_DisableDeepPowerDown
                0x08001ab8       0x24 CMakeFiles/vidastech_main.dir/Drivers/STM32H7xx_HAL_Driver/Src/stm32h7xx_hal_adc.c.obj
 .text.LL_ADC_IsDeepPowerDownEnabled
                0x08001adc       0x28 CMakeFiles/vidastech_main.dir/Drivers/STM32H7xx_HAL_Driver/Src/stm32h7xx_hal_adc.c.obj
 .text.LL_ADC_EnableInternalRegulator
                0x08001b04       0x28 CMakeFiles/vidastech_main.dir/Drivers/STM32H7xx_HAL_Driver/Src/stm32h7xx_hal_adc.c.obj
 .text.LL_ADC_IsInternalRegulatorEnabled
                0x08001b2c       0x28 CMakeFiles/vidastech_main.dir/Drivers/STM32H7xx_HAL_Driver/Src/stm32h7xx_hal_adc.c.obj
 .text.LL_ADC_IsEnabled
                0x08001b54       0x26 CMakeFiles/vidastech_main.dir/Drivers/STM32H7xx_HAL_Driver/Src/stm32h7xx_hal_adc.c.obj
 .text.LL_ADC_REG_IsConversionOngoing
                0x08001b7a       0x26 CMakeFiles/vidastech_main.dir/Drivers/STM32H7xx_HAL_Driver/Src/stm32h7xx_hal_adc.c.obj
 .text.LL_ADC_INJ_IsConversionOngoing
                0x08001ba0       0x26 CMakeFiles/vidastech_main.dir/Drivers/STM32H7xx_HAL_Driver/Src/stm32h7xx_hal_adc.c.obj
 *fill*         0x08001bc6        0x2 
 .text.HAL_ADC_Init
                0x08001bc8      0x410 CMakeFiles/vidastech_main.dir/Drivers/STM32H7xx_HAL_Driver/Src/stm32h7xx_hal_adc.c.obj
                0x08001bc8                HAL_ADC_Init
 .text.HAL_ADC_ConfigChannel
                0x08001fd8      0x9a8 CMakeFiles/vidastech_main.dir/Drivers/STM32H7xx_HAL_Driver/Src/stm32h7xx_hal_adc.c.obj
                0x08001fd8                HAL_ADC_ConfigChannel
 .text.ADC_ConfigureBoostMode
                0x08002980      0x1dc CMakeFiles/vidastech_main.dir/Drivers/STM32H7xx_HAL_Driver/Src/stm32h7xx_hal_adc.c.obj
                0x08002980                ADC_ConfigureBoostMode
 .text.LL_ADC_IsEnabled
                0x08002b5c       0x26 CMakeFiles/vidastech_main.dir/Drivers/STM32H7xx_HAL_Driver/Src/stm32h7xx_hal_adc_ex.c.obj
 .text.LL_ADC_REG_IsConversionOngoing
                0x08002b82       0x26 CMakeFiles/vidastech_main.dir/Drivers/STM32H7xx_HAL_Driver/Src/stm32h7xx_hal_adc_ex.c.obj
 .text.HAL_ADCEx_MultiModeConfigChannel
                0x08002ba8      0x1c4 CMakeFiles/vidastech_main.dir/Drivers/STM32H7xx_HAL_Driver/Src/stm32h7xx_hal_adc_ex.c.obj
                0x08002ba8                HAL_ADCEx_MultiModeConfigChannel
 .text.HAL_RCC_OscConfig
                0x08002d6c      0x7b4 CMakeFiles/vidastech_main.dir/Drivers/STM32H7xx_HAL_Driver/Src/stm32h7xx_hal_rcc.c.obj
                0x08002d6c                HAL_RCC_OscConfig
 .text.HAL_RCC_ClockConfig
                0x08003520      0x36c CMakeFiles/vidastech_main.dir/Drivers/STM32H7xx_HAL_Driver/Src/stm32h7xx_hal_rcc.c.obj
                0x08003520                HAL_RCC_ClockConfig
 .text.HAL_RCC_GetSysClockFreq
                0x0800388c      0x2f4 CMakeFiles/vidastech_main.dir/Drivers/STM32H7xx_HAL_Driver/Src/stm32h7xx_hal_rcc.c.obj
                0x0800388c                HAL_RCC_GetSysClockFreq
 .text.HAL_RCC_GetHCLKFreq
                0x08003b80       0x60 CMakeFiles/vidastech_main.dir/Drivers/STM32H7xx_HAL_Driver/Src/stm32h7xx_hal_rcc.c.obj
                0x08003b80                HAL_RCC_GetHCLKFreq
 .text.HAL_RCC_GetPCLK1Freq
                0x08003be0       0x2c CMakeFiles/vidastech_main.dir/Drivers/STM32H7xx_HAL_Driver/Src/stm32h7xx_hal_rcc.c.obj
                0x08003be0                HAL_RCC_GetPCLK1Freq
 .text.HAL_RCC_GetPCLK2Freq
                0x08003c0c       0x2c CMakeFiles/vidastech_main.dir/Drivers/STM32H7xx_HAL_Driver/Src/stm32h7xx_hal_rcc.c.obj
                0x08003c0c                HAL_RCC_GetPCLK2Freq
 .text.HAL_RCCEx_PeriphCLKConfig
                0x08003c38     0x1340 CMakeFiles/vidastech_main.dir/Drivers/STM32H7xx_HAL_Driver/Src/stm32h7xx_hal_rcc_ex.c.obj
                0x08003c38                HAL_RCCEx_PeriphCLKConfig
 .text.HAL_RCCEx_GetPeriphCLKFreq
                0x08004f78      0x9a4 CMakeFiles/vidastech_main.dir/Drivers/STM32H7xx_HAL_Driver/Src/stm32h7xx_hal_rcc_ex.c.obj
                0x08004f78                HAL_RCCEx_GetPeriphCLKFreq
 .text.HAL_RCCEx_GetD3PCLK1Freq
                0x0800591c       0x2c CMakeFiles/vidastech_main.dir/Drivers/STM32H7xx_HAL_Driver/Src/stm32h7xx_hal_rcc_ex.c.obj
                0x0800591c                HAL_RCCEx_GetD3PCLK1Freq
 .text.HAL_RCCEx_GetPLL2ClockFreq
                0x08005948      0x2a8 CMakeFiles/vidastech_main.dir/Drivers/STM32H7xx_HAL_Driver/Src/stm32h7xx_hal_rcc_ex.c.obj
                0x08005948                HAL_RCCEx_GetPLL2ClockFreq
 .text.HAL_RCCEx_GetPLL3ClockFreq
                0x08005bf0      0x2a8 CMakeFiles/vidastech_main.dir/Drivers/STM32H7xx_HAL_Driver/Src/stm32h7xx_hal_rcc_ex.c.obj
                0x08005bf0                HAL_RCCEx_GetPLL3ClockFreq
 .text.HAL_RCCEx_GetPLL1ClockFreq
                0x08005e98      0x2a4 CMakeFiles/vidastech_main.dir/Drivers/STM32H7xx_HAL_Driver/Src/stm32h7xx_hal_rcc_ex.c.obj
                0x08005e98                HAL_RCCEx_GetPLL1ClockFreq
 .text.RCCEx_PLL2_Config
                0x0800613c      0x164 CMakeFiles/vidastech_main.dir/Drivers/STM32H7xx_HAL_Driver/Src/stm32h7xx_hal_rcc_ex.c.obj
 .text.RCCEx_PLL3_Config
                0x080062a0      0x164 CMakeFiles/vidastech_main.dir/Drivers/STM32H7xx_HAL_Driver/Src/stm32h7xx_hal_rcc_ex.c.obj
 .text.HAL_GPIO_Init
                0x08006404      0x350 CMakeFiles/vidastech_main.dir/Drivers/STM32H7xx_HAL_Driver/Src/stm32h7xx_hal_gpio.c.obj
                0x08006404                HAL_GPIO_Init
 .text.HAL_PWREx_ConfigSupply
                0x08006754       0x74 CMakeFiles/vidastech_main.dir/Drivers/STM32H7xx_HAL_Driver/Src/stm32h7xx_hal_pwr_ex.c.obj
                0x08006754                HAL_PWREx_ConfigSupply
 .text.__NVIC_SetPriorityGrouping
                0x080067c8       0x48 CMakeFiles/vidastech_main.dir/Drivers/STM32H7xx_HAL_Driver/Src/stm32h7xx_hal_cortex.c.obj
 .text.__NVIC_GetPriorityGrouping
                0x08006810       0x1c CMakeFiles/vidastech_main.dir/Drivers/STM32H7xx_HAL_Driver/Src/stm32h7xx_hal_cortex.c.obj
 .text.__NVIC_SetPriority
                0x0800682c       0x54 CMakeFiles/vidastech_main.dir/Drivers/STM32H7xx_HAL_Driver/Src/stm32h7xx_hal_cortex.c.obj
 .text.NVIC_EncodePriority
                0x08006880       0x66 CMakeFiles/vidastech_main.dir/Drivers/STM32H7xx_HAL_Driver/Src/stm32h7xx_hal_cortex.c.obj
 *fill*         0x080068e6        0x2 
 .text.SysTick_Config
                0x080068e8       0x44 CMakeFiles/vidastech_main.dir/Drivers/STM32H7xx_HAL_Driver/Src/stm32h7xx_hal_cortex.c.obj
 .text.HAL_NVIC_SetPriorityGrouping
                0x0800692c       0x16 CMakeFiles/vidastech_main.dir/Drivers/STM32H7xx_HAL_Driver/Src/stm32h7xx_hal_cortex.c.obj
                0x0800692c                HAL_NVIC_SetPriorityGrouping
 .text.HAL_NVIC_SetPriority
                0x08006942       0x34 CMakeFiles/vidastech_main.dir/Drivers/STM32H7xx_HAL_Driver/Src/stm32h7xx_hal_cortex.c.obj
                0x08006942                HAL_NVIC_SetPriority
 .text.HAL_SYSTICK_Config
                0x08006976       0x18 CMakeFiles/vidastech_main.dir/Drivers/STM32H7xx_HAL_Driver/Src/stm32h7xx_hal_cortex.c.obj
                0x08006976                HAL_SYSTICK_Config
 *fill*         0x0800698e        0x2 
 .text.HAL_MPU_Disable
                0x08006990       0x30 CMakeFiles/vidastech_main.dir/Drivers/STM32H7xx_HAL_Driver/Src/stm32h7xx_hal_cortex.c.obj
                0x08006990                HAL_MPU_Disable
 .text.HAL_MPU_Enable
                0x080069c0       0x40 CMakeFiles/vidastech_main.dir/Drivers/STM32H7xx_HAL_Driver/Src/stm32h7xx_hal_cortex.c.obj
                0x080069c0                HAL_MPU_Enable
 .text.HAL_MPU_ConfigRegion
                0x08006a00       0x80 CMakeFiles/vidastech_main.dir/Drivers/STM32H7xx_HAL_Driver/Src/stm32h7xx_hal_cortex.c.obj
                0x08006a00                HAL_MPU_ConfigRegion
 .text.HAL_Init
                0x08006a80       0x78 CMakeFiles/vidastech_main.dir/Drivers/STM32H7xx_HAL_Driver/Src/stm32h7xx_hal.c.obj
                0x08006a80                HAL_Init
 .text.HAL_InitTick
                0x08006af8       0x6c CMakeFiles/vidastech_main.dir/Drivers/STM32H7xx_HAL_Driver/Src/stm32h7xx_hal.c.obj
                0x08006af8                HAL_InitTick
 .text.HAL_IncTick
                0x08006b64       0x28 CMakeFiles/vidastech_main.dir/Drivers/STM32H7xx_HAL_Driver/Src/stm32h7xx_hal.c.obj
                0x08006b64                HAL_IncTick
 .text.HAL_GetTick
                0x08006b8c       0x18 CMakeFiles/vidastech_main.dir/Drivers/STM32H7xx_HAL_Driver/Src/stm32h7xx_hal.c.obj
                0x08006b8c                HAL_GetTick
 .text.HAL_I2C_Init
                0x08006ba4      0x138 CMakeFiles/vidastech_main.dir/Drivers/STM32H7xx_HAL_Driver/Src/stm32h7xx_hal_i2c.c.obj
                0x08006ba4                HAL_I2C_Init
 .text.HAL_I2CEx_ConfigAnalogFilter
                0x08006cdc       0x96 CMakeFiles/vidastech_main.dir/Drivers/STM32H7xx_HAL_Driver/Src/stm32h7xx_hal_i2c_ex.c.obj
                0x08006cdc                HAL_I2CEx_ConfigAnalogFilter
 .text.HAL_I2CEx_ConfigDigitalFilter
                0x08006d72       0x98 CMakeFiles/vidastech_main.dir/Drivers/STM32H7xx_HAL_Driver/Src/stm32h7xx_hal_i2c_ex.c.obj
                0x08006d72                HAL_I2CEx_ConfigDigitalFilter
 *fill*         0x08006e0a        0x2 
 .text.HAL_FDCAN_Init
                0x08006e0c      0x3bc CMakeFiles/vidastech_main.dir/Drivers/STM32H7xx_HAL_Driver/Src/stm32h7xx_hal_fdcan.c.obj
                0x08006e0c                HAL_FDCAN_Init
 .text.FDCAN_CalcultateRamBlockAddresses
                0x080071c8      0x30c CMakeFiles/vidastech_main.dir/Drivers/STM32H7xx_HAL_Driver/Src/stm32h7xx_hal_fdcan.c.obj
 .text.HAL_SPI_Init
                0x080074d4      0x248 CMakeFiles/vidastech_main.dir/Drivers/STM32H7xx_HAL_Driver/Src/stm32h7xx_hal_spi.c.obj
                0x080074d4                HAL_SPI_Init
 .text.SPI_GetPacketSize
                0x0800771c       0x36 CMakeFiles/vidastech_main.dir/Drivers/STM32H7xx_HAL_Driver/Src/stm32h7xx_hal_spi.c.obj
 *fill*         0x08007752        0x2 
 .text.UART_SetConfig
                0x08007754      0xcd8 CMakeFiles/vidastech_main.dir/Drivers/STM32H7xx_HAL_Driver/Src/stm32h7xx_hal_uart.c.obj
                0x08007754                UART_SetConfig
 .text.UART_AdvFeatureConfig
                0x0800842c      0x144 CMakeFiles/vidastech_main.dir/Drivers/STM32H7xx_HAL_Driver/Src/stm32h7xx_hal_uart.c.obj
                0x0800842c                UART_AdvFeatureConfig
 .text.UART_CheckIdleState
                0x08008570      0x154 CMakeFiles/vidastech_main.dir/Drivers/STM32H7xx_HAL_Driver/Src/stm32h7xx_hal_uart.c.obj
                0x08008570                UART_CheckIdleState
 .text.UART_WaitOnFlagUntilTimeout
                0x080086c4       0xda CMakeFiles/vidastech_main.dir/Drivers/STM32H7xx_HAL_Driver/Src/stm32h7xx_hal_uart.c.obj
                0x080086c4                UART_WaitOnFlagUntilTimeout
 *fill*         0x0800879e        0x2 
 .text.UART_EndRxTransfer
                0x080087a0       0xcc CMakeFiles/vidastech_main.dir/Drivers/STM32H7xx_HAL_Driver/Src/stm32h7xx_hal_uart.c.obj
 .text.HAL_RS485Ex_Init
                0x0800886c       0xd4 CMakeFiles/vidastech_main.dir/Drivers/STM32H7xx_HAL_Driver/Src/stm32h7xx_hal_uart_ex.c.obj
                0x0800886c                HAL_RS485Ex_Init
 .text.HAL_UARTEx_DisableFifoMode
                0x08008940       0x72 CMakeFiles/vidastech_main.dir/Drivers/STM32H7xx_HAL_Driver/Src/stm32h7xx_hal_uart_ex.c.obj
                0x08008940                HAL_UARTEx_DisableFifoMode
 .text.HAL_UARTEx_SetTxFifoThreshold
                0x080089b2       0x7c CMakeFiles/vidastech_main.dir/Drivers/STM32H7xx_HAL_Driver/Src/stm32h7xx_hal_uart_ex.c.obj
                0x080089b2                HAL_UARTEx_SetTxFifoThreshold
 .text.HAL_UARTEx_SetRxFifoThreshold
                0x08008a2e       0x7c CMakeFiles/vidastech_main.dir/Drivers/STM32H7xx_HAL_Driver/Src/stm32h7xx_hal_uart_ex.c.obj
                0x08008a2e                HAL_UARTEx_SetRxFifoThreshold
 *fill*         0x08008aaa        0x2 
 .text.UARTEx_SetNbDataToProcess
                0x08008aac       0x9c CMakeFiles/vidastech_main.dir/Drivers/STM32H7xx_HAL_Driver/Src/stm32h7xx_hal_uart_ex.c.obj
 .text.SystemInit
                0x08008b48       0xf0 CMakeFiles/vidastech_main.dir/Core/Src/system_stm32h7xx.c.obj
                0x08008b48                SystemInit
 .text.ExitRun0Mode
                0x08008c38       0x30 CMakeFiles/vidastech_main.dir/Core/Src/system_stm32h7xx.c.obj
                0x08008c38                ExitRun0Mode
 .text.vListInitialise
                0x08008c68       0x40 CMakeFiles/vidastech_main.dir/Middlewares/Third_Party/FreeRTOS/Source/list.c.obj
                0x08008c68                vListInitialise
 .text.vListInitialiseItem
                0x08008ca8       0x1a CMakeFiles/vidastech_main.dir/Middlewares/Third_Party/FreeRTOS/Source/list.c.obj
                0x08008ca8                vListInitialiseItem
 .text.vListInsertEnd
                0x08008cc2       0x48 CMakeFiles/vidastech_main.dir/Middlewares/Third_Party/FreeRTOS/Source/list.c.obj
                0x08008cc2                vListInsertEnd
 .text.vListInsert
                0x08008d0a       0x72 CMakeFiles/vidastech_main.dir/Middlewares/Third_Party/FreeRTOS/Source/list.c.obj
                0x08008d0a                vListInsert
 .text.uxListRemove
                0x08008d7c       0x54 CMakeFiles/vidastech_main.dir/Middlewares/Third_Party/FreeRTOS/Source/list.c.obj
                0x08008d7c                uxListRemove
 .text.xQueueGenericReset
                0x08008dd0       0xd4 CMakeFiles/vidastech_main.dir/Middlewares/Third_Party/FreeRTOS/Source/queue.c.obj
                0x08008dd0                xQueueGenericReset
 .text.xQueueGenericCreateStatic
                0x08008ea4       0xfa CMakeFiles/vidastech_main.dir/Middlewares/Third_Party/FreeRTOS/Source/queue.c.obj
                0x08008ea4                xQueueGenericCreateStatic
 .text.prvInitialiseNewQueue
                0x08008f9e       0x46 CMakeFiles/vidastech_main.dir/Middlewares/Third_Party/FreeRTOS/Source/queue.c.obj
 .text.xQueueGenericSend
                0x08008fe4      0x204 CMakeFiles/vidastech_main.dir/Middlewares/Third_Party/FreeRTOS/Source/queue.c.obj
                0x08008fe4                xQueueGenericSend
 .text.xQueueGenericSendFromISR
                0x080091e8      0x13c CMakeFiles/vidastech_main.dir/Middlewares/Third_Party/FreeRTOS/Source/queue.c.obj
                0x080091e8                xQueueGenericSendFromISR
 .text.xQueueReceive
                0x08009324      0x1c4 CMakeFiles/vidastech_main.dir/Middlewares/Third_Party/FreeRTOS/Source/queue.c.obj
                0x08009324                xQueueReceive
 .text.prvCopyDataToQueue
                0x080094e8       0xd4 CMakeFiles/vidastech_main.dir/Middlewares/Third_Party/FreeRTOS/Source/queue.c.obj
 .text.prvCopyDataFromQueue
                0x080095bc       0x4c CMakeFiles/vidastech_main.dir/Middlewares/Third_Party/FreeRTOS/Source/queue.c.obj
 .text.prvUnlockQueue
                0x08009608       0xa4 CMakeFiles/vidastech_main.dir/Middlewares/Third_Party/FreeRTOS/Source/queue.c.obj
 .text.prvIsQueueEmpty
                0x080096ac       0x2c CMakeFiles/vidastech_main.dir/Middlewares/Third_Party/FreeRTOS/Source/queue.c.obj
 .text.prvIsQueueFull
                0x080096d8       0x30 CMakeFiles/vidastech_main.dir/Middlewares/Third_Party/FreeRTOS/Source/queue.c.obj
 .text.vQueueAddToRegistry
                0x08009708       0x54 CMakeFiles/vidastech_main.dir/Middlewares/Third_Party/FreeRTOS/Source/queue.c.obj
                0x08009708                vQueueAddToRegistry
 .text.vQueueWaitForMessageRestricted
                0x0800975c       0x68 CMakeFiles/vidastech_main.dir/Middlewares/Third_Party/FreeRTOS/Source/queue.c.obj
                0x0800975c                vQueueWaitForMessageRestricted
 .text.xTaskCreateStatic
                0x080097c4       0xc0 CMakeFiles/vidastech_main.dir/Middlewares/Third_Party/FreeRTOS/Source/tasks.c.obj
                0x080097c4                xTaskCreateStatic
 .text.xTaskCreate
                0x08009884       0x8a CMakeFiles/vidastech_main.dir/Middlewares/Third_Party/FreeRTOS/Source/tasks.c.obj
                0x08009884                xTaskCreate
 .text.prvInitialiseNewTask
                0x0800990e      0x120 CMakeFiles/vidastech_main.dir/Middlewares/Third_Party/FreeRTOS/Source/tasks.c.obj
 *fill*         0x08009a2e        0x2 
 .text.prvAddNewTaskToReadyList
                0x08009a30       0xe0 CMakeFiles/vidastech_main.dir/Middlewares/Third_Party/FreeRTOS/Source/tasks.c.obj
 .text.vTaskDelay
                0x08009b10       0x6c CMakeFiles/vidastech_main.dir/Middlewares/Third_Party/FreeRTOS/Source/tasks.c.obj
                0x08009b10                vTaskDelay
 .text.vTaskStartScheduler
                0x08009b7c       0xd0 CMakeFiles/vidastech_main.dir/Middlewares/Third_Party/FreeRTOS/Source/tasks.c.obj
                0x08009b7c                vTaskStartScheduler
 .text.vTaskSuspendAll
                0x08009c4c       0x1c CMakeFiles/vidastech_main.dir/Middlewares/Third_Party/FreeRTOS/Source/tasks.c.obj
                0x08009c4c                vTaskSuspendAll
 .text.xTaskResumeAll
                0x08009c68      0x13c CMakeFiles/vidastech_main.dir/Middlewares/Third_Party/FreeRTOS/Source/tasks.c.obj
                0x08009c68                xTaskResumeAll
 .text.xTaskGetTickCount
                0x08009da4       0x20 CMakeFiles/vidastech_main.dir/Middlewares/Third_Party/FreeRTOS/Source/tasks.c.obj
                0x08009da4                xTaskGetTickCount
 .text.xTaskIncrementTick
                0x08009dc4      0x174 CMakeFiles/vidastech_main.dir/Middlewares/Third_Party/FreeRTOS/Source/tasks.c.obj
                0x08009dc4                xTaskIncrementTick
 .text.vTaskSwitchContext
                0x08009f38       0xbc CMakeFiles/vidastech_main.dir/Middlewares/Third_Party/FreeRTOS/Source/tasks.c.obj
                0x08009f38                vTaskSwitchContext
 .text.vTaskPlaceOnEventList
                0x08009ff4       0x4c CMakeFiles/vidastech_main.dir/Middlewares/Third_Party/FreeRTOS/Source/tasks.c.obj
                0x08009ff4                vTaskPlaceOnEventList
 .text.vTaskPlaceOnEventListRestricted
                0x0800a040       0x58 CMakeFiles/vidastech_main.dir/Middlewares/Third_Party/FreeRTOS/Source/tasks.c.obj
                0x0800a040                vTaskPlaceOnEventListRestricted
 .text.xTaskRemoveFromEventList
                0x0800a098       0xc8 CMakeFiles/vidastech_main.dir/Middlewares/Third_Party/FreeRTOS/Source/tasks.c.obj
                0x0800a098                xTaskRemoveFromEventList
 .text.vTaskInternalSetTimeOutState
                0x0800a160       0x2c CMakeFiles/vidastech_main.dir/Middlewares/Third_Party/FreeRTOS/Source/tasks.c.obj
                0x0800a160                vTaskInternalSetTimeOutState
 .text.xTaskCheckForTimeOut
                0x0800a18c       0xc8 CMakeFiles/vidastech_main.dir/Middlewares/Third_Party/FreeRTOS/Source/tasks.c.obj
                0x0800a18c                xTaskCheckForTimeOut
 .text.vTaskMissedYield
                0x0800a254       0x18 CMakeFiles/vidastech_main.dir/Middlewares/Third_Party/FreeRTOS/Source/tasks.c.obj
                0x0800a254                vTaskMissedYield
 .text.prvIdleTask
                0x0800a26c       0x30 CMakeFiles/vidastech_main.dir/Middlewares/Third_Party/FreeRTOS/Source/tasks.c.obj
 .text.prvInitialiseTaskLists
                0x0800a29c       0x80 CMakeFiles/vidastech_main.dir/Middlewares/Third_Party/FreeRTOS/Source/tasks.c.obj
 .text.prvCheckTasksWaitingTermination
                0x0800a31c       0x5c CMakeFiles/vidastech_main.dir/Middlewares/Third_Party/FreeRTOS/Source/tasks.c.obj
 .text.prvDeleteTCB
                0x0800a378       0x60 CMakeFiles/vidastech_main.dir/Middlewares/Third_Party/FreeRTOS/Source/tasks.c.obj
 .text.prvResetNextTaskUnblockTime
                0x0800a3d8       0x40 CMakeFiles/vidastech_main.dir/Middlewares/Third_Party/FreeRTOS/Source/tasks.c.obj
 .text.xTaskGetSchedulerState
                0x0800a418       0x3c CMakeFiles/vidastech_main.dir/Middlewares/Third_Party/FreeRTOS/Source/tasks.c.obj
                0x0800a418                xTaskGetSchedulerState
 .text.xTaskPriorityDisinherit
                0x0800a454       0xe0 CMakeFiles/vidastech_main.dir/Middlewares/Third_Party/FreeRTOS/Source/tasks.c.obj
                0x0800a454                xTaskPriorityDisinherit
 .text.prvAddCurrentTaskToDelayedList
                0x0800a534       0xa8 CMakeFiles/vidastech_main.dir/Middlewares/Third_Party/FreeRTOS/Source/tasks.c.obj
 .text.xTimerCreateTimerTask
                0x0800a5dc       0x94 CMakeFiles/vidastech_main.dir/Middlewares/Third_Party/FreeRTOS/Source/timers.c.obj
                0x0800a5dc                xTimerCreateTimerTask
 .text.xTimerGenericCommand
                0x0800a670       0x9c CMakeFiles/vidastech_main.dir/Middlewares/Third_Party/FreeRTOS/Source/timers.c.obj
                0x0800a670                xTimerGenericCommand
 .text.prvProcessExpiredTimer
                0x0800a70c       0x9c CMakeFiles/vidastech_main.dir/Middlewares/Third_Party/FreeRTOS/Source/timers.c.obj
 .text.prvTimerTask
                0x0800a7a8       0x26 CMakeFiles/vidastech_main.dir/Middlewares/Third_Party/FreeRTOS/Source/timers.c.obj
 *fill*         0x0800a7ce        0x2 
 .text.prvProcessTimerOrBlockTask
                0x0800a7d0       0x9c CMakeFiles/vidastech_main.dir/Middlewares/Third_Party/FreeRTOS/Source/timers.c.obj
 .text.prvGetNextExpireTime
                0x0800a86c       0x48 CMakeFiles/vidastech_main.dir/Middlewares/Third_Party/FreeRTOS/Source/timers.c.obj
 .text.prvSampleTimeNow
                0x0800a8b4       0x40 CMakeFiles/vidastech_main.dir/Middlewares/Third_Party/FreeRTOS/Source/timers.c.obj
 .text.prvInsertTimerInActiveList
                0x0800a8f4       0x84 CMakeFiles/vidastech_main.dir/Middlewares/Third_Party/FreeRTOS/Source/timers.c.obj
 .text.prvProcessReceivedCommands
                0x0800a978      0x1cc CMakeFiles/vidastech_main.dir/Middlewares/Third_Party/FreeRTOS/Source/timers.c.obj
 .text.prvSwitchTimerLists
                0x0800ab44       0xcc CMakeFiles/vidastech_main.dir/Middlewares/Third_Party/FreeRTOS/Source/timers.c.obj
 .text.prvCheckForValidListAndQueue
                0x0800ac10       0x80 CMakeFiles/vidastech_main.dir/Middlewares/Third_Party/FreeRTOS/Source/timers.c.obj
 .text.__NVIC_SetPriority
                0x0800ac90       0x54 CMakeFiles/vidastech_main.dir/Middlewares/Third_Party/FreeRTOS/Source/CMSIS_RTOS_V2/cmsis_os2.c.obj
 .text.SVC_Setup
                0x0800ace4       0x12 CMakeFiles/vidastech_main.dir/Middlewares/Third_Party/FreeRTOS/Source/CMSIS_RTOS_V2/cmsis_os2.c.obj
 *fill*         0x0800acf6        0x2 
 .text.osKernelInitialize
                0x0800acf8       0x48 CMakeFiles/vidastech_main.dir/Middlewares/Third_Party/FreeRTOS/Source/CMSIS_RTOS_V2/cmsis_os2.c.obj
                0x0800acf8                osKernelInitialize
 .text.osKernelStart
                0x0800ad40       0x4c CMakeFiles/vidastech_main.dir/Middlewares/Third_Party/FreeRTOS/Source/CMSIS_RTOS_V2/cmsis_os2.c.obj
                0x0800ad40                osKernelStart
 .text.osThreadNew
                0x0800ad8c      0x124 CMakeFiles/vidastech_main.dir/Middlewares/Third_Party/FreeRTOS/Source/CMSIS_RTOS_V2/cmsis_os2.c.obj
                0x0800ad8c                osThreadNew
 .text.osDelay  0x0800aeb0       0x36 CMakeFiles/vidastech_main.dir/Middlewares/Third_Party/FreeRTOS/Source/CMSIS_RTOS_V2/cmsis_os2.c.obj
                0x0800aeb0                osDelay
 *fill*         0x0800aee6        0x2 
 .text.vApplicationGetIdleTaskMemory
                0x0800aee8       0x34 CMakeFiles/vidastech_main.dir/Middlewares/Third_Party/FreeRTOS/Source/CMSIS_RTOS_V2/cmsis_os2.c.obj
                0x0800aee8                vApplicationGetIdleTaskMemory
 .text.vApplicationGetTimerTaskMemory
                0x0800af1c       0x34 CMakeFiles/vidastech_main.dir/Middlewares/Third_Party/FreeRTOS/Source/CMSIS_RTOS_V2/cmsis_os2.c.obj
                0x0800af1c                vApplicationGetTimerTaskMemory
 .text.pvPortMalloc
                0x0800af50      0x19c CMakeFiles/vidastech_main.dir/Middlewares/Third_Party/FreeRTOS/Source/portable/MemMang/heap_4.c.obj
                0x0800af50                pvPortMalloc
 .text.vPortFree
                0x0800b0ec       0xc8 CMakeFiles/vidastech_main.dir/Middlewares/Third_Party/FreeRTOS/Source/portable/MemMang/heap_4.c.obj
                0x0800b0ec                vPortFree
 .text.prvHeapInit
                0x0800b1b4       0xc4 CMakeFiles/vidastech_main.dir/Middlewares/Third_Party/FreeRTOS/Source/portable/MemMang/heap_4.c.obj
 .text.prvInsertBlockIntoFreeList
                0x0800b278       0xb4 CMakeFiles/vidastech_main.dir/Middlewares/Third_Party/FreeRTOS/Source/portable/MemMang/heap_4.c.obj
 .text.pxPortInitialiseStack
                0x0800b32c       0x68 CMakeFiles/vidastech_main.dir/Middlewares/Third_Party/FreeRTOS/Source/portable/GCC/ARM_CM4F/port.c.obj
                0x0800b32c                pxPortInitialiseStack
 .text.prvTaskExitError
                0x0800b394       0x5c CMakeFiles/vidastech_main.dir/Middlewares/Third_Party/FreeRTOS/Source/portable/GCC/ARM_CM4F/port.c.obj
 .text.SVC_Handler
                0x0800b3f0       0x28 CMakeFiles/vidastech_main.dir/Middlewares/Third_Party/FreeRTOS/Source/portable/GCC/ARM_CM4F/port.c.obj
                0x0800b3f0                SVC_Handler
 .text.prvPortStartFirstTask
                0x0800b418       0x28 CMakeFiles/vidastech_main.dir/Middlewares/Third_Party/FreeRTOS/Source/portable/GCC/ARM_CM4F/port.c.obj
 .text.xPortStartScheduler
                0x0800b440      0x148 CMakeFiles/vidastech_main.dir/Middlewares/Third_Party/FreeRTOS/Source/portable/GCC/ARM_CM4F/port.c.obj
                0x0800b440                xPortStartScheduler
 .text.vPortEnterCritical
                0x0800b588       0x64 CMakeFiles/vidastech_main.dir/Middlewares/Third_Party/FreeRTOS/Source/portable/GCC/ARM_CM4F/port.c.obj
                0x0800b588                vPortEnterCritical
 .text.vPortExitCritical
                0x0800b5ec       0x54 CMakeFiles/vidastech_main.dir/Middlewares/Third_Party/FreeRTOS/Source/portable/GCC/ARM_CM4F/port.c.obj
                0x0800b5ec                vPortExitCritical
 .text.PendSV_Handler
                0x0800b640       0x68 CMakeFiles/vidastech_main.dir/Middlewares/Third_Party/FreeRTOS/Source/portable/GCC/ARM_CM4F/port.c.obj
                0x0800b640                PendSV_Handler
 .text.xPortSysTickHandler
                0x0800b6a8       0x44 CMakeFiles/vidastech_main.dir/Middlewares/Third_Party/FreeRTOS/Source/portable/GCC/ARM_CM4F/port.c.obj
                0x0800b6a8                xPortSysTickHandler
 .text.vPortSetupTimerInterrupt
                0x0800b6ec       0x48 CMakeFiles/vidastech_main.dir/Middlewares/Third_Party/FreeRTOS/Source/portable/GCC/ARM_CM4F/port.c.obj
                0x0800b6ec                vPortSetupTimerInterrupt
 .text.vPortEnableVFP
                0x0800b734       0x14 CMakeFiles/vidastech_main.dir/Middlewares/Third_Party/FreeRTOS/Source/portable/GCC/ARM_CM4F/port.c.obj
 .text.vPortValidateInterruptPriority
                0x0800b748       0x84 CMakeFiles/vidastech_main.dir/Middlewares/Third_Party/FreeRTOS/Source/portable/GCC/ARM_CM4F/port.c.obj
                0x0800b748                vPortValidateInterruptPriority
 .text.Reset_Handler
                0x0800b7cc       0x54 CMakeFiles/vidastech_main.dir/startup_stm32h723xx.s.obj
                0x0800b7cc                Reset_Handler
 .text.Default_Handler
                0x0800b820        0x2 CMakeFiles/vidastech_main.dir/startup_stm32h723xx.s.obj
                0x0800b820                RTC_Alarm_IRQHandler
                0x0800b820                EXTI2_IRQHandler
                0x0800b820                TIM8_CC_IRQHandler
                0x0800b820                UART8_IRQHandler
                0x0800b820                SPI4_IRQHandler
                0x0800b820                FDCAN3_IT0_IRQHandler
                0x0800b820                TIM1_CC_IRQHandler
                0x0800b820                BDMA_Channel6_IRQHandler
                0x0800b820                DMA2_Stream5_IRQHandler
                0x0800b820                DMA1_Stream5_IRQHandler
                0x0800b820                CORDIC_IRQHandler
                0x0800b820                BDMA_Channel1_IRQHandler
                0x0800b820                TAMP_STAMP_IRQHandler
                0x0800b820                EXTI3_IRQHandler
                0x0800b820                LPTIM4_IRQHandler
                0x0800b820                TIM8_TRG_COM_TIM14_IRQHandler
                0x0800b820                LPTIM2_IRQHandler
                0x0800b820                DFSDM1_FLT1_IRQHandler
                0x0800b820                DMAMUX2_OVR_IRQHandler
                0x0800b820                TIM8_UP_TIM13_IRQHandler
                0x0800b820                I2C3_ER_IRQHandler
                0x0800b820                DFSDM1_FLT2_IRQHandler
                0x0800b820                I2C5_EV_IRQHandler
                0x0800b820                USART10_IRQHandler
                0x0800b820                MDMA_IRQHandler
                0x0800b820                LPTIM3_IRQHandler
                0x0800b820                HSEM1_IRQHandler
                0x0800b820                EXTI0_IRQHandler
                0x0800b820                I2C2_EV_IRQHandler
                0x0800b820                DMA1_Stream2_IRQHandler
                0x0800b820                FPU_IRQHandler
                0x0800b820                OTG_HS_WKUP_IRQHandler
                0x0800b820                FDCAN1_IT1_IRQHandler
                0x0800b820                LTDC_ER_IRQHandler
                0x0800b820                DMA2_Stream2_IRQHandler
                0x0800b820                SPI1_IRQHandler
                0x0800b820                OCTOSPI1_IRQHandler
                0x0800b820                TIM6_DAC_IRQHandler
                0x0800b820                DMA2_Stream3_IRQHandler
                0x0800b820                OCTOSPI2_IRQHandler
                0x0800b820                DFSDM1_FLT3_IRQHandler
                0x0800b820                TIM23_IRQHandler
                0x0800b820                USART6_IRQHandler
                0x0800b820                TIM17_IRQHandler
                0x0800b820                USART3_IRQHandler
                0x0800b820                BDMA_Channel7_IRQHandler
                0x0800b820                LPTIM5_IRQHandler
                0x0800b820                UART5_IRQHandler
                0x0800b820                ADC3_IRQHandler
                0x0800b820                DMA2_Stream0_IRQHandler
                0x0800b820                TIM4_IRQHandler
                0x0800b820                BDMA_Channel2_IRQHandler
                0x0800b820                I2C1_EV_IRQHandler
                0x0800b820                DMA1_Stream6_IRQHandler
                0x0800b820                DMAMUX1_OVR_IRQHandler
                0x0800b820                DMA1_Stream1_IRQHandler
                0x0800b820                TIM16_IRQHandler
                0x0800b820                UART4_IRQHandler
                0x0800b820                BDMA_Channel5_IRQHandler
                0x0800b820                TIM3_IRQHandler
                0x0800b820                RCC_IRQHandler
                0x0800b820                UART9_IRQHandler
                0x0800b820                TIM8_BRK_TIM12_IRQHandler
                0x0800b820                TIM1_TRG_COM_IRQHandler
                0x0800b820                Default_Handler
                0x0800b820                ECC_IRQHandler
                0x0800b820                FMAC_IRQHandler
                0x0800b820                CEC_IRQHandler
                0x0800b820                EXTI15_10_IRQHandler
                0x0800b820                BDMA_Channel0_IRQHandler
                0x0800b820                ADC_IRQHandler
                0x0800b820                I2C5_ER_IRQHandler
                0x0800b820                DMA1_Stream7_IRQHandler
                0x0800b820                SPI5_IRQHandler
                0x0800b820                TIM7_IRQHandler
                0x0800b820                FDCAN3_IT1_IRQHandler
                0x0800b820                SDMMC1_IRQHandler
                0x0800b820                TIM5_IRQHandler
                0x0800b820                DMA2_Stream7_IRQHandler
                0x0800b820                TIM15_IRQHandler
                0x0800b820                PVD_AVD_IRQHandler
                0x0800b820                I2C3_EV_IRQHandler
                0x0800b820                EXTI9_5_IRQHandler
                0x0800b820                RTC_WKUP_IRQHandler
                0x0800b820                LTDC_IRQHandler
                0x0800b820                ETH_WKUP_IRQHandler
                0x0800b820                SPDIF_RX_IRQHandler
                0x0800b820                SPI2_IRQHandler
                0x0800b820                OTG_HS_EP1_IN_IRQHandler
                0x0800b820                DMA1_Stream0_IRQHandler
                0x0800b820                TIM24_IRQHandler
                0x0800b820                CRS_IRQHandler
                0x0800b820                EXTI4_IRQHandler
                0x0800b820                RNG_IRQHandler
                0x0800b820                FDCAN2_IT1_IRQHandler
                0x0800b820                ETH_IRQHandler
                0x0800b820                TIM1_UP_IRQHandler
                0x0800b820                BDMA_Channel4_IRQHandler
                0x0800b820                OTG_HS_EP1_OUT_IRQHandler
                0x0800b820                WWDG_IRQHandler
                0x0800b820                SPI6_IRQHandler
                0x0800b820                MDIOS_IRQHandler
                0x0800b820                I2C4_EV_IRQHandler
                0x0800b820                FDCAN2_IT0_IRQHandler
                0x0800b820                LPUART1_IRQHandler
                0x0800b820                FDCAN1_IT0_IRQHandler
                0x0800b820                TIM2_IRQHandler
                0x0800b820                OTG_HS_IRQHandler
                0x0800b820                DMA2D_IRQHandler
                0x0800b820                TIM1_BRK_IRQHandler
                0x0800b820                EXTI1_IRQHandler
                0x0800b820                SDMMC2_IRQHandler
                0x0800b820                BDMA_Channel3_IRQHandler
                0x0800b820                DTS_IRQHandler
                0x0800b820                UART7_IRQHandler
                0x0800b820                MDIOS_WKUP_IRQHandler
                0x0800b820                USART2_IRQHandler
                0x0800b820                DFSDM1_FLT0_IRQHandler
                0x0800b820                SAI4_IRQHandler
                0x0800b820                I2C2_ER_IRQHandler
                0x0800b820                DMA2_Stream1_IRQHandler
                0x0800b820                FLASH_IRQHandler
                0x0800b820                DMA2_Stream4_IRQHandler
                0x0800b820                USART1_IRQHandler
                0x0800b820                SPI3_IRQHandler
                0x0800b820                WAKEUP_PIN_IRQHandler
                0x0800b820                DMA1_Stream4_IRQHandler
                0x0800b820                I2C1_ER_IRQHandler
                0x0800b820                FMC_IRQHandler
                0x0800b820                FDCAN_CAL_IRQHandler
                0x0800b820                SWPMI1_IRQHandler
                0x0800b820                COMP1_IRQHandler
                0x0800b820                LPTIM1_IRQHandler
                0x0800b820                DCMI_PSSI_IRQHandler
                0x0800b820                I2C4_ER_IRQHandler
                0x0800b820                DMA2_Stream6_IRQHandler
                0x0800b820                SAI1_IRQHandler
                0x0800b820                DMA1_Stream3_IRQHandler
 .text.memcpy   0x0800b822       0x1c C:/ST/STM32CubeCLT_1.18.0/GNU-tools-for-STM32/bin/../lib/gcc/arm-none-eabi/13.3.1/../../../../arm-none-eabi/lib/thumb/v7e-m+dp/hard\libg_nano.a(libc_a-memcpy-stub.o)
                0x0800b822                memcpy
 *(.glue_7)
 .glue_7        0x0800b83e        0x0 linker stubs
 *(.glue_7t)
 .glue_7t       0x0800b83e        0x0 linker stubs
 *(.eh_frame)
 *fill*         0x0800b83e        0x2 
 .eh_frame      0x0800b840        0x0 C:/ST/STM32CubeCLT_1.18.0/GNU-tools-for-STM32/bin/../lib/gcc/arm-none-eabi/13.3.1/thumb/v7e-m+dp/hard/crtbegin.o
 *(.init)
 .init          0x0800b840        0x4 C:/ST/STM32CubeCLT_1.18.0/GNU-tools-for-STM32/bin/../lib/gcc/arm-none-eabi/13.3.1/thumb/v7e-m+dp/hard/crti.o
                0x0800b840                _init
 .init          0x0800b844        0x8 C:/ST/STM32CubeCLT_1.18.0/GNU-tools-for-STM32/bin/../lib/gcc/arm-none-eabi/13.3.1/thumb/v7e-m+dp/hard/crtn.o
 *(.fini)
 .fini          0x0800b84c        0x4 C:/ST/STM32CubeCLT_1.18.0/GNU-tools-for-STM32/bin/../lib/gcc/arm-none-eabi/13.3.1/thumb/v7e-m+dp/hard/crti.o
                0x0800b84c                _fini
 .fini          0x0800b850        0x8 C:/ST/STM32CubeCLT_1.18.0/GNU-tools-for-STM32/bin/../lib/gcc/arm-none-eabi/13.3.1/thumb/v7e-m+dp/hard/crtn.o
                0x0800b858                        . = ALIGN (0x4)
                0x0800b858                        _etext = .

.vfp11_veneer   0x0800b858        0x0
 .vfp11_veneer  0x0800b858        0x0 linker stubs

.v4_bx          0x0800b858        0x0
 .v4_bx         0x0800b858        0x0 linker stubs

.iplt           0x0800b858        0x0
 .iplt          0x0800b858        0x0 C:/ST/STM32CubeCLT_1.18.0/GNU-tools-for-STM32/bin/../lib/gcc/arm-none-eabi/13.3.1/thumb/v7e-m+dp/hard/crtbegin.o

.rodata         0x0800b858       0xcc
                0x0800b858                        . = ALIGN (0x4)
 *(.rodata)
 .rodata        0x0800b858        0xc CMakeFiles/vidastech_main.dir/Core/Src/main.c.obj
 .rodata        0x0800b864       0x4c CMakeFiles/vidastech_main.dir/Drivers/STM32H7xx_HAL_Driver/Src/stm32h7xx_hal_fdcan.c.obj
 .rodata        0x0800b8b0        0x5 CMakeFiles/vidastech_main.dir/Middlewares/Third_Party/FreeRTOS/Source/tasks.c.obj
 *fill*         0x0800b8b5        0x3 
 .rodata        0x0800b8b8        0xd CMakeFiles/vidastech_main.dir/Middlewares/Third_Party/FreeRTOS/Source/timers.c.obj
 *(.rodata*)
 *fill*         0x0800b8c5        0x3 
 .rodata.defaultTask_attributes
                0x0800b8c8       0x24 CMakeFiles/vidastech_main.dir/Core/Src/main.c.obj
                0x0800b8c8                defaultTask_attributes
 .rodata.UARTPrescTable
                0x0800b8ec       0x18 CMakeFiles/vidastech_main.dir/Drivers/STM32H7xx_HAL_Driver/Src/stm32h7xx_hal_uart.c.obj
                0x0800b8ec                UARTPrescTable
 .rodata.numerator.1
                0x0800b904        0x8 CMakeFiles/vidastech_main.dir/Drivers/STM32H7xx_HAL_Driver/Src/stm32h7xx_hal_uart_ex.c.obj
 .rodata.denominator.0
                0x0800b90c        0x8 CMakeFiles/vidastech_main.dir/Drivers/STM32H7xx_HAL_Driver/Src/stm32h7xx_hal_uart_ex.c.obj
 .rodata.D1CorePrescTable
                0x0800b914       0x10 CMakeFiles/vidastech_main.dir/Core/Src/system_stm32h7xx.c.obj
                0x0800b914                D1CorePrescTable
                0x0800b924                        . = ALIGN (0x4)

.ARM.extab
 *(.ARM.extab* .gnu.linkonce.armextab.*)

.ARM            0x0800b924        0x8
                0x0800b924                        __exidx_start = .
 *(.ARM.exidx*)
 .ARM.exidx     0x0800b924        0x8 C:/ST/STM32CubeCLT_1.18.0/GNU-tools-for-STM32/bin/../lib/gcc/arm-none-eabi/13.3.1/thumb/v7e-m+dp/hard\libgcc.a(_udivmoddi4.o)
                0x0800b92c                        __exidx_end = .

.rel.dyn        0x0800b92c        0x0
 .rel.iplt      0x0800b92c        0x0 C:/ST/STM32CubeCLT_1.18.0/GNU-tools-for-STM32/bin/../lib/gcc/arm-none-eabi/13.3.1/thumb/v7e-m+dp/hard/crtbegin.o

.preinit_array  0x0800b92c        0x0
                0x0800b92c                        PROVIDE (__preinit_array_start = .)
 *(.preinit_array*)
                0x0800b92c                        PROVIDE (__preinit_array_end = .)

.init_array     0x0800b92c        0x4
                0x0800b92c                        PROVIDE (__init_array_start = .)
 *(SORT_BY_NAME(.init_array.*))
 *(.init_array*)
 .init_array    0x0800b92c        0x4 C:/ST/STM32CubeCLT_1.18.0/GNU-tools-for-STM32/bin/../lib/gcc/arm-none-eabi/13.3.1/thumb/v7e-m+dp/hard/crtbegin.o
                0x0800b930                        PROVIDE (__init_array_end = .)

.fini_array     0x0800b930        0x4
                [!provide]                        PROVIDE (__fini_array_start = .)
 *(SORT_BY_NAME(.fini_array.*))
 *(.fini_array*)
 .fini_array    0x0800b930        0x4 C:/ST/STM32CubeCLT_1.18.0/GNU-tools-for-STM32/bin/../lib/gcc/arm-none-eabi/13.3.1/thumb/v7e-m+dp/hard/crtbegin.o
                [!provide]                        PROVIDE (__fini_array_end = .)
                0x0800b934                        _sidata = LOADADDR (.data)

.data           0x20000000       0x14 load address 0x0800b934
                0x20000000                        . = ALIGN (0x4)
                0x20000000                        _sdata = .
 *(.data)
 *(.data*)
 .data.uwTickPrio
                0x20000000        0x4 CMakeFiles/vidastech_main.dir/Drivers/STM32H7xx_HAL_Driver/Src/stm32h7xx_hal.c.obj
                0x20000000                uwTickPrio
 .data.uwTickFreq
                0x20000004        0x1 CMakeFiles/vidastech_main.dir/Drivers/STM32H7xx_HAL_Driver/Src/stm32h7xx_hal.c.obj
                0x20000004                uwTickFreq
 *fill*         0x20000005        0x3 
 .data.SystemCoreClock
                0x20000008        0x4 CMakeFiles/vidastech_main.dir/Core/Src/system_stm32h7xx.c.obj
                0x20000008                SystemCoreClock
 .data.SystemD2Clock
                0x2000000c        0x4 CMakeFiles/vidastech_main.dir/Core/Src/system_stm32h7xx.c.obj
                0x2000000c                SystemD2Clock
 .data.uxCriticalNesting
                0x20000010        0x4 CMakeFiles/vidastech_main.dir/Middlewares/Third_Party/FreeRTOS/Source/portable/GCC/ARM_CM4F/port.c.obj
                0x20000014                        . = ALIGN (0x4)
                0x20000014                        _edata = .

.igot.plt       0x20000014        0x0 load address 0x0800b948
 .igot.plt      0x20000014        0x0 C:/ST/STM32CubeCLT_1.18.0/GNU-tools-for-STM32/bin/../lib/gcc/arm-none-eabi/13.3.1/thumb/v7e-m+dp/hard/crtbegin.o
                0x20000014                        . = ALIGN (0x4)

.bss            0x20000014     0x4d80 load address 0x0800b948
                0x20000014                        _sbss = .
                0x20000014                        __bss_start__ = _sbss
 *(.bss)
 .bss           0x20000014       0x1c C:/ST/STM32CubeCLT_1.18.0/GNU-tools-for-STM32/bin/../lib/gcc/arm-none-eabi/13.3.1/thumb/v7e-m+dp/hard/crtbegin.o
 *(.bss*)
 .bss.hadc1     0x20000030       0x70 CMakeFiles/vidastech_main.dir/Core/Src/main.c.obj
                0x20000030                hadc1
 .bss.hfdcan1   0x200000a0       0xa0 CMakeFiles/vidastech_main.dir/Core/Src/main.c.obj
                0x200000a0                hfdcan1
 .bss.hfdcan2   0x20000140       0xa0 CMakeFiles/vidastech_main.dir/Core/Src/main.c.obj
                0x20000140                hfdcan2
 .bss.hi2c1     0x200001e0       0x54 CMakeFiles/vidastech_main.dir/Core/Src/main.c.obj
                0x200001e0                hi2c1
 .bss.hi2c5     0x20000234       0x54 CMakeFiles/vidastech_main.dir/Core/Src/main.c.obj
                0x20000234                hi2c5
 .bss.hspi5     0x20000288       0x88 CMakeFiles/vidastech_main.dir/Core/Src/main.c.obj
                0x20000288                hspi5
 .bss.huart2    0x20000310       0x94 CMakeFiles/vidastech_main.dir/Core/Src/main.c.obj
                0x20000310                huart2
 .bss.huart6    0x200003a4       0x94 CMakeFiles/vidastech_main.dir/Core/Src/main.c.obj
                0x200003a4                huart6
 .bss.defaultTaskHandle
                0x20000438        0x4 CMakeFiles/vidastech_main.dir/Core/Src/main.c.obj
                0x20000438                defaultTaskHandle
 .bss.HAL_RCC_FDCAN_CLK_ENABLED
                0x2000043c        0x4 CMakeFiles/vidastech_main.dir/Core/Src/stm32h7xx_hal_msp.c.obj
 .bss.uwTick    0x20000440        0x4 CMakeFiles/vidastech_main.dir/Drivers/STM32H7xx_HAL_Driver/Src/stm32h7xx_hal.c.obj
                0x20000440                uwTick
 .bss.xQueueRegistry
                0x20000444       0x40 CMakeFiles/vidastech_main.dir/Middlewares/Third_Party/FreeRTOS/Source/queue.c.obj
                0x20000444                xQueueRegistry
 .bss.pxCurrentTCB
                0x20000484        0x4 CMakeFiles/vidastech_main.dir/Middlewares/Third_Party/FreeRTOS/Source/tasks.c.obj
                0x20000484                pxCurrentTCB
 .bss.pxReadyTasksLists
                0x20000488      0x460 CMakeFiles/vidastech_main.dir/Middlewares/Third_Party/FreeRTOS/Source/tasks.c.obj
 .bss.xDelayedTaskList1
                0x200008e8       0x14 CMakeFiles/vidastech_main.dir/Middlewares/Third_Party/FreeRTOS/Source/tasks.c.obj
 .bss.xDelayedTaskList2
                0x200008fc       0x14 CMakeFiles/vidastech_main.dir/Middlewares/Third_Party/FreeRTOS/Source/tasks.c.obj
 .bss.pxDelayedTaskList
                0x20000910        0x4 CMakeFiles/vidastech_main.dir/Middlewares/Third_Party/FreeRTOS/Source/tasks.c.obj
 .bss.pxOverflowDelayedTaskList
                0x20000914        0x4 CMakeFiles/vidastech_main.dir/Middlewares/Third_Party/FreeRTOS/Source/tasks.c.obj
 .bss.xPendingReadyList
                0x20000918       0x14 CMakeFiles/vidastech_main.dir/Middlewares/Third_Party/FreeRTOS/Source/tasks.c.obj
 .bss.xTasksWaitingTermination
                0x2000092c       0x14 CMakeFiles/vidastech_main.dir/Middlewares/Third_Party/FreeRTOS/Source/tasks.c.obj
 .bss.uxDeletedTasksWaitingCleanUp
                0x20000940        0x4 CMakeFiles/vidastech_main.dir/Middlewares/Third_Party/FreeRTOS/Source/tasks.c.obj
 .bss.xSuspendedTaskList
                0x20000944       0x14 CMakeFiles/vidastech_main.dir/Middlewares/Third_Party/FreeRTOS/Source/tasks.c.obj
 .bss.uxCurrentNumberOfTasks
                0x20000958        0x4 CMakeFiles/vidastech_main.dir/Middlewares/Third_Party/FreeRTOS/Source/tasks.c.obj
 .bss.xTickCount
                0x2000095c        0x4 CMakeFiles/vidastech_main.dir/Middlewares/Third_Party/FreeRTOS/Source/tasks.c.obj
 .bss.uxTopReadyPriority
                0x20000960        0x4 CMakeFiles/vidastech_main.dir/Middlewares/Third_Party/FreeRTOS/Source/tasks.c.obj
 .bss.xSchedulerRunning
                0x20000964        0x4 CMakeFiles/vidastech_main.dir/Middlewares/Third_Party/FreeRTOS/Source/tasks.c.obj
 .bss.xPendedTicks
                0x20000968        0x4 CMakeFiles/vidastech_main.dir/Middlewares/Third_Party/FreeRTOS/Source/tasks.c.obj
 .bss.xYieldPending
                0x2000096c        0x4 CMakeFiles/vidastech_main.dir/Middlewares/Third_Party/FreeRTOS/Source/tasks.c.obj
 .bss.xNumOfOverflows
                0x20000970        0x4 CMakeFiles/vidastech_main.dir/Middlewares/Third_Party/FreeRTOS/Source/tasks.c.obj
 .bss.uxTaskNumber
                0x20000974        0x4 CMakeFiles/vidastech_main.dir/Middlewares/Third_Party/FreeRTOS/Source/tasks.c.obj
 .bss.xNextTaskUnblockTime
                0x20000978        0x4 CMakeFiles/vidastech_main.dir/Middlewares/Third_Party/FreeRTOS/Source/tasks.c.obj
 .bss.xIdleTaskHandle
                0x2000097c        0x4 CMakeFiles/vidastech_main.dir/Middlewares/Third_Party/FreeRTOS/Source/tasks.c.obj
 .bss.uxSchedulerSuspended
                0x20000980        0x4 CMakeFiles/vidastech_main.dir/Middlewares/Third_Party/FreeRTOS/Source/tasks.c.obj
 .bss.xActiveTimerList1
                0x20000984       0x14 CMakeFiles/vidastech_main.dir/Middlewares/Third_Party/FreeRTOS/Source/timers.c.obj
 .bss.xActiveTimerList2
                0x20000998       0x14 CMakeFiles/vidastech_main.dir/Middlewares/Third_Party/FreeRTOS/Source/timers.c.obj
 .bss.pxCurrentTimerList
                0x200009ac        0x4 CMakeFiles/vidastech_main.dir/Middlewares/Third_Party/FreeRTOS/Source/timers.c.obj
 .bss.pxOverflowTimerList
                0x200009b0        0x4 CMakeFiles/vidastech_main.dir/Middlewares/Third_Party/FreeRTOS/Source/timers.c.obj
 .bss.xTimerQueue
                0x200009b4        0x4 CMakeFiles/vidastech_main.dir/Middlewares/Third_Party/FreeRTOS/Source/timers.c.obj
 .bss.xTimerTaskHandle
                0x200009b8        0x4 CMakeFiles/vidastech_main.dir/Middlewares/Third_Party/FreeRTOS/Source/timers.c.obj
 .bss.xLastTime.2
                0x200009bc        0x4 CMakeFiles/vidastech_main.dir/Middlewares/Third_Party/FreeRTOS/Source/timers.c.obj
 .bss.ucStaticTimerQueueStorage.1
                0x200009c0       0xa0 CMakeFiles/vidastech_main.dir/Middlewares/Third_Party/FreeRTOS/Source/timers.c.obj
 .bss.xStaticTimerQueue.0
                0x20000a60       0x50 CMakeFiles/vidastech_main.dir/Middlewares/Third_Party/FreeRTOS/Source/timers.c.obj
 .bss.KernelState
                0x20000ab0        0x4 CMakeFiles/vidastech_main.dir/Middlewares/Third_Party/FreeRTOS/Source/CMSIS_RTOS_V2/cmsis_os2.c.obj
 .bss.Idle_TCB.3
                0x20000ab4       0x5c CMakeFiles/vidastech_main.dir/Middlewares/Third_Party/FreeRTOS/Source/CMSIS_RTOS_V2/cmsis_os2.c.obj
 .bss.Idle_Stack.2
                0x20000b10      0x200 CMakeFiles/vidastech_main.dir/Middlewares/Third_Party/FreeRTOS/Source/CMSIS_RTOS_V2/cmsis_os2.c.obj
 .bss.Timer_TCB.1
                0x20000d10       0x5c CMakeFiles/vidastech_main.dir/Middlewares/Third_Party/FreeRTOS/Source/CMSIS_RTOS_V2/cmsis_os2.c.obj
 .bss.Timer_Stack.0
                0x20000d6c      0x400 CMakeFiles/vidastech_main.dir/Middlewares/Third_Party/FreeRTOS/Source/CMSIS_RTOS_V2/cmsis_os2.c.obj
 .bss.ucHeap    0x2000116c     0x3c00 CMakeFiles/vidastech_main.dir/Middlewares/Third_Party/FreeRTOS/Source/portable/MemMang/heap_4.c.obj
 .bss.xStart    0x20004d6c        0x8 CMakeFiles/vidastech_main.dir/Middlewares/Third_Party/FreeRTOS/Source/portable/MemMang/heap_4.c.obj
 .bss.pxEnd     0x20004d74        0x4 CMakeFiles/vidastech_main.dir/Middlewares/Third_Party/FreeRTOS/Source/portable/MemMang/heap_4.c.obj
 .bss.xFreeBytesRemaining
                0x20004d78        0x4 CMakeFiles/vidastech_main.dir/Middlewares/Third_Party/FreeRTOS/Source/portable/MemMang/heap_4.c.obj
 .bss.xMinimumEverFreeBytesRemaining
                0x20004d7c        0x4 CMakeFiles/vidastech_main.dir/Middlewares/Third_Party/FreeRTOS/Source/portable/MemMang/heap_4.c.obj
 .bss.xNumberOfSuccessfulAllocations
                0x20004d80        0x4 CMakeFiles/vidastech_main.dir/Middlewares/Third_Party/FreeRTOS/Source/portable/MemMang/heap_4.c.obj
 .bss.xNumberOfSuccessfulFrees
                0x20004d84        0x4 CMakeFiles/vidastech_main.dir/Middlewares/Third_Party/FreeRTOS/Source/portable/MemMang/heap_4.c.obj
 .bss.xBlockAllocatedBit
                0x20004d88        0x4 CMakeFiles/vidastech_main.dir/Middlewares/Third_Party/FreeRTOS/Source/portable/MemMang/heap_4.c.obj
 .bss.ucMaxSysCallPriority
                0x20004d8c        0x1 CMakeFiles/vidastech_main.dir/Middlewares/Third_Party/FreeRTOS/Source/portable/GCC/ARM_CM4F/port.c.obj
 *fill*         0x20004d8d        0x3 
 .bss.ulMaxPRIGROUPValue
                0x20004d90        0x4 CMakeFiles/vidastech_main.dir/Middlewares/Third_Party/FreeRTOS/Source/portable/GCC/ARM_CM4F/port.c.obj
 *(COMMON)
                0x20004d94                        . = ALIGN (0x4)
                0x20004d94                        _ebss = .
                0x20004d94                        __bss_end__ = _ebss

._user_heap_stack
                0x20004d94      0x604 load address 0x0800b948
                0x20004d98                        . = ALIGN (0x8)
 *fill*         0x20004d94        0x4 
                [!provide]                        PROVIDE (end = .)
                0x20004d98                        PROVIDE (_end = .)
                0x20004f98                        . = (. + _Min_Heap_Size)
 *fill*         0x20004d98      0x200 
                0x20005398                        . = (. + _Min_Stack_Size)
 *fill*         0x20004f98      0x400 
                0x20005398                        . = ALIGN (0x8)

/DISCARD/
 libc.a(*)
 libm.a(*)
 libgcc.a(*)
OUTPUT(vidastech_main.elf elf32-littlearm)
LOAD linker stubs
LOAD C:/ST/STM32CubeCLT_1.18.0/GNU-tools-for-STM32/bin/../lib/gcc/arm-none-eabi/13.3.1/../../../../arm-none-eabi/lib/thumb/v7e-m+dp/hard\libc.a
LOAD C:/ST/STM32CubeCLT_1.18.0/GNU-tools-for-STM32/bin/../lib/gcc/arm-none-eabi/13.3.1/../../../../arm-none-eabi/lib/thumb/v7e-m+dp/hard\libm.a
LOAD C:/ST/STM32CubeCLT_1.18.0/GNU-tools-for-STM32/bin/../lib/gcc/arm-none-eabi/13.3.1/thumb/v7e-m+dp/hard\libgcc.a

.ARM.attributes
                0x00000000       0x2e
 .ARM.attributes
                0x00000000       0x20 C:/ST/STM32CubeCLT_1.18.0/GNU-tools-for-STM32/bin/../lib/gcc/arm-none-eabi/13.3.1/thumb/v7e-m+dp/hard/crti.o
 .ARM.attributes
                0x00000020       0x32 C:/ST/STM32CubeCLT_1.18.0/GNU-tools-for-STM32/bin/../lib/gcc/arm-none-eabi/13.3.1/thumb/v7e-m+dp/hard/crtbegin.o
 .ARM.attributes
                0x00000052       0x32 C:/ST/STM32CubeCLT_1.18.0/GNU-tools-for-STM32/bin/../lib/gcc/arm-none-eabi/13.3.1/../../../../arm-none-eabi/lib/thumb/v7e-m+dp/hard\libc_nano.a(libc_a-memset.o)
 .ARM.attributes
                0x00000084       0x32 C:/ST/STM32CubeCLT_1.18.0/GNU-tools-for-STM32/bin/../lib/gcc/arm-none-eabi/13.3.1/../../../../arm-none-eabi/lib/thumb/v7e-m+dp/hard\libc_nano.a(libc_a-init.o)
 .ARM.attributes
                0x000000b6       0x32 CMakeFiles/vidastech_main.dir/Core/Src/main.c.obj
 .ARM.attributes
                0x000000e8       0x32 CMakeFiles/vidastech_main.dir/Core/Src/stm32h7xx_it.c.obj
 .ARM.attributes
                0x0000011a       0x32 CMakeFiles/vidastech_main.dir/Core/Src/stm32h7xx_hal_msp.c.obj
 .ARM.attributes
                0x0000014c       0x32 CMakeFiles/vidastech_main.dir/Drivers/STM32H7xx_HAL_Driver/Src/stm32h7xx_hal_adc.c.obj
 .ARM.attributes
                0x0000017e       0x32 CMakeFiles/vidastech_main.dir/Drivers/STM32H7xx_HAL_Driver/Src/stm32h7xx_hal_adc_ex.c.obj
 .ARM.attributes
                0x000001b0       0x32 CMakeFiles/vidastech_main.dir/Drivers/STM32H7xx_HAL_Driver/Src/stm32h7xx_hal_rcc.c.obj
 .ARM.attributes
                0x000001e2       0x32 CMakeFiles/vidastech_main.dir/Drivers/STM32H7xx_HAL_Driver/Src/stm32h7xx_hal_rcc_ex.c.obj
 .ARM.attributes
                0x00000214       0x32 CMakeFiles/vidastech_main.dir/Drivers/STM32H7xx_HAL_Driver/Src/stm32h7xx_hal_gpio.c.obj
 .ARM.attributes
                0x00000246       0x32 CMakeFiles/vidastech_main.dir/Drivers/STM32H7xx_HAL_Driver/Src/stm32h7xx_hal_pwr_ex.c.obj
 .ARM.attributes
                0x00000278       0x32 CMakeFiles/vidastech_main.dir/Drivers/STM32H7xx_HAL_Driver/Src/stm32h7xx_hal_cortex.c.obj
 .ARM.attributes
                0x000002aa       0x32 CMakeFiles/vidastech_main.dir/Drivers/STM32H7xx_HAL_Driver/Src/stm32h7xx_hal.c.obj
 .ARM.attributes
                0x000002dc       0x32 CMakeFiles/vidastech_main.dir/Drivers/STM32H7xx_HAL_Driver/Src/stm32h7xx_hal_i2c.c.obj
 .ARM.attributes
                0x0000030e       0x32 CMakeFiles/vidastech_main.dir/Drivers/STM32H7xx_HAL_Driver/Src/stm32h7xx_hal_i2c_ex.c.obj
 .ARM.attributes
                0x00000340       0x32 CMakeFiles/vidastech_main.dir/Drivers/STM32H7xx_HAL_Driver/Src/stm32h7xx_hal_fdcan.c.obj
 .ARM.attributes
                0x00000372       0x32 CMakeFiles/vidastech_main.dir/Drivers/STM32H7xx_HAL_Driver/Src/stm32h7xx_hal_spi.c.obj
 .ARM.attributes
                0x000003a4       0x32 CMakeFiles/vidastech_main.dir/Drivers/STM32H7xx_HAL_Driver/Src/stm32h7xx_hal_uart.c.obj
 .ARM.attributes
                0x000003d6       0x32 CMakeFiles/vidastech_main.dir/Drivers/STM32H7xx_HAL_Driver/Src/stm32h7xx_hal_uart_ex.c.obj
 .ARM.attributes
                0x00000408       0x32 CMakeFiles/vidastech_main.dir/Core/Src/system_stm32h7xx.c.obj
 .ARM.attributes
                0x0000043a       0x32 CMakeFiles/vidastech_main.dir/Middlewares/Third_Party/FreeRTOS/Source/list.c.obj
 .ARM.attributes
                0x0000046c       0x32 CMakeFiles/vidastech_main.dir/Middlewares/Third_Party/FreeRTOS/Source/queue.c.obj
 .ARM.attributes
                0x0000049e       0x32 CMakeFiles/vidastech_main.dir/Middlewares/Third_Party/FreeRTOS/Source/tasks.c.obj
 .ARM.attributes
                0x000004d0       0x32 CMakeFiles/vidastech_main.dir/Middlewares/Third_Party/FreeRTOS/Source/timers.c.obj
 .ARM.attributes
                0x00000502       0x32 CMakeFiles/vidastech_main.dir/Middlewares/Third_Party/FreeRTOS/Source/CMSIS_RTOS_V2/cmsis_os2.c.obj
 .ARM.attributes
                0x00000534       0x32 CMakeFiles/vidastech_main.dir/Middlewares/Third_Party/FreeRTOS/Source/portable/MemMang/heap_4.c.obj
 .ARM.attributes
                0x00000566       0x32 CMakeFiles/vidastech_main.dir/Middlewares/Third_Party/FreeRTOS/Source/portable/GCC/ARM_CM4F/port.c.obj
 .ARM.attributes
                0x00000598       0x21 CMakeFiles/vidastech_main.dir/startup_stm32h723xx.s.obj
 .ARM.attributes
                0x000005b9       0x20 C:/ST/STM32CubeCLT_1.18.0/GNU-tools-for-STM32/bin/../lib/gcc/arm-none-eabi/13.3.1/thumb/v7e-m+dp/hard\libgcc.a(_aeabi_uldivmod.o)
 .ARM.attributes
                0x000005d9       0x32 C:/ST/STM32CubeCLT_1.18.0/GNU-tools-for-STM32/bin/../lib/gcc/arm-none-eabi/13.3.1/thumb/v7e-m+dp/hard\libgcc.a(_udivmoddi4.o)
 .ARM.attributes
                0x0000060b       0x20 C:/ST/STM32CubeCLT_1.18.0/GNU-tools-for-STM32/bin/../lib/gcc/arm-none-eabi/13.3.1/thumb/v7e-m+dp/hard\libgcc.a(_dvmd_tls.o)
 .ARM.attributes
                0x0000062b       0x32 C:/ST/STM32CubeCLT_1.18.0/GNU-tools-for-STM32/bin/../lib/gcc/arm-none-eabi/13.3.1/../../../../arm-none-eabi/lib/thumb/v7e-m+dp/hard\libg_nano.a(libc_a-memcpy-stub.o)
 .ARM.attributes
                0x0000065d       0x20 C:/ST/STM32CubeCLT_1.18.0/GNU-tools-for-STM32/bin/../lib/gcc/arm-none-eabi/13.3.1/thumb/v7e-m+dp/hard/crtn.o

.comment        0x00000000       0x43
 .comment       0x00000000       0x43 CMakeFiles/vidastech_main.dir/Core/Src/main.c.obj
                                 0x44 (size before relaxing)
 .comment       0x00000043       0x44 CMakeFiles/vidastech_main.dir/Core/Src/stm32h7xx_it.c.obj
 .comment       0x00000043       0x44 CMakeFiles/vidastech_main.dir/Core/Src/stm32h7xx_hal_msp.c.obj
 .comment       0x00000043       0x44 CMakeFiles/vidastech_main.dir/Drivers/STM32H7xx_HAL_Driver/Src/stm32h7xx_hal_adc.c.obj
 .comment       0x00000043       0x44 CMakeFiles/vidastech_main.dir/Drivers/STM32H7xx_HAL_Driver/Src/stm32h7xx_hal_adc_ex.c.obj
 .comment       0x00000043       0x44 CMakeFiles/vidastech_main.dir/Drivers/STM32H7xx_HAL_Driver/Src/stm32h7xx_hal_rcc.c.obj
 .comment       0x00000043       0x44 CMakeFiles/vidastech_main.dir/Drivers/STM32H7xx_HAL_Driver/Src/stm32h7xx_hal_rcc_ex.c.obj
 .comment       0x00000043       0x44 CMakeFiles/vidastech_main.dir/Drivers/STM32H7xx_HAL_Driver/Src/stm32h7xx_hal_gpio.c.obj
 .comment       0x00000043       0x44 CMakeFiles/vidastech_main.dir/Drivers/STM32H7xx_HAL_Driver/Src/stm32h7xx_hal_pwr_ex.c.obj
 .comment       0x00000043       0x44 CMakeFiles/vidastech_main.dir/Drivers/STM32H7xx_HAL_Driver/Src/stm32h7xx_hal_cortex.c.obj
 .comment       0x00000043       0x44 CMakeFiles/vidastech_main.dir/Drivers/STM32H7xx_HAL_Driver/Src/stm32h7xx_hal.c.obj
 .comment       0x00000043       0x44 CMakeFiles/vidastech_main.dir/Drivers/STM32H7xx_HAL_Driver/Src/stm32h7xx_hal_i2c.c.obj
 .comment       0x00000043       0x44 CMakeFiles/vidastech_main.dir/Drivers/STM32H7xx_HAL_Driver/Src/stm32h7xx_hal_i2c_ex.c.obj
 .comment       0x00000043       0x44 CMakeFiles/vidastech_main.dir/Drivers/STM32H7xx_HAL_Driver/Src/stm32h7xx_hal_fdcan.c.obj
 .comment       0x00000043       0x44 CMakeFiles/vidastech_main.dir/Drivers/STM32H7xx_HAL_Driver/Src/stm32h7xx_hal_spi.c.obj
 .comment       0x00000043       0x44 CMakeFiles/vidastech_main.dir/Drivers/STM32H7xx_HAL_Driver/Src/stm32h7xx_hal_uart.c.obj
 .comment       0x00000043       0x44 CMakeFiles/vidastech_main.dir/Drivers/STM32H7xx_HAL_Driver/Src/stm32h7xx_hal_uart_ex.c.obj
 .comment       0x00000043       0x44 CMakeFiles/vidastech_main.dir/Core/Src/system_stm32h7xx.c.obj
 .comment       0x00000043       0x44 CMakeFiles/vidastech_main.dir/Middlewares/Third_Party/FreeRTOS/Source/list.c.obj
 .comment       0x00000043       0x44 CMakeFiles/vidastech_main.dir/Middlewares/Third_Party/FreeRTOS/Source/queue.c.obj
 .comment       0x00000043       0x44 CMakeFiles/vidastech_main.dir/Middlewares/Third_Party/FreeRTOS/Source/tasks.c.obj
 .comment       0x00000043       0x44 CMakeFiles/vidastech_main.dir/Middlewares/Third_Party/FreeRTOS/Source/timers.c.obj
 .comment       0x00000043       0x44 CMakeFiles/vidastech_main.dir/Middlewares/Third_Party/FreeRTOS/Source/CMSIS_RTOS_V2/cmsis_os2.c.obj
 .comment       0x00000043       0x44 CMakeFiles/vidastech_main.dir/Middlewares/Third_Party/FreeRTOS/Source/portable/MemMang/heap_4.c.obj
 .comment       0x00000043       0x44 CMakeFiles/vidastech_main.dir/Middlewares/Third_Party/FreeRTOS/Source/portable/GCC/ARM_CM4F/port.c.obj
 .comment       0x00000043       0x44 C:/ST/STM32CubeCLT_1.18.0/GNU-tools-for-STM32/bin/../lib/gcc/arm-none-eabi/13.3.1/../../../../arm-none-eabi/lib/thumb/v7e-m+dp/hard\libg_nano.a(libc_a-memcpy-stub.o)

.debug_frame    0x00000000     0x8738
 .debug_frame   0x00000000       0x20 C:/ST/STM32CubeCLT_1.18.0/GNU-tools-for-STM32/bin/../lib/gcc/arm-none-eabi/13.3.1/../../../../arm-none-eabi/lib/thumb/v7e-m+dp/hard\libc_nano.a(libc_a-memset.o)
 .debug_frame   0x00000020       0x2c C:/ST/STM32CubeCLT_1.18.0/GNU-tools-for-STM32/bin/../lib/gcc/arm-none-eabi/13.3.1/../../../../arm-none-eabi/lib/thumb/v7e-m+dp/hard\libc_nano.a(libc_a-init.o)
 .debug_frame   0x0000004c      0x1b8 CMakeFiles/vidastech_main.dir/Core/Src/main.c.obj
 .debug_frame   0x00000204       0xc4 CMakeFiles/vidastech_main.dir/Core/Src/stm32h7xx_it.c.obj
 .debug_frame   0x000002c8      0x1b0 CMakeFiles/vidastech_main.dir/Core/Src/stm32h7xx_hal_msp.c.obj
 .debug_frame   0x00000478      0xb68 CMakeFiles/vidastech_main.dir/Drivers/STM32H7xx_HAL_Driver/Src/stm32h7xx_hal_adc.c.obj
 .debug_frame   0x00000fe0      0x92c CMakeFiles/vidastech_main.dir/Drivers/STM32H7xx_HAL_Driver/Src/stm32h7xx_hal_adc_ex.c.obj
 .debug_frame   0x0000190c      0x1fc CMakeFiles/vidastech_main.dir/Drivers/STM32H7xx_HAL_Driver/Src/stm32h7xx_hal_rcc.c.obj
 .debug_frame   0x00001b08      0x414 CMakeFiles/vidastech_main.dir/Drivers/STM32H7xx_HAL_Driver/Src/stm32h7xx_hal_rcc_ex.c.obj
 .debug_frame   0x00001f1c      0x14c CMakeFiles/vidastech_main.dir/Drivers/STM32H7xx_HAL_Driver/Src/stm32h7xx_hal_gpio.c.obj
 .debug_frame   0x00002068      0x540 CMakeFiles/vidastech_main.dir/Drivers/STM32H7xx_HAL_Driver/Src/stm32h7xx_hal_pwr_ex.c.obj
 .debug_frame   0x000025a8      0x508 CMakeFiles/vidastech_main.dir/Drivers/STM32H7xx_HAL_Driver/Src/stm32h7xx_hal_cortex.c.obj
 .debug_frame   0x00002ab0      0x760 CMakeFiles/vidastech_main.dir/Drivers/STM32H7xx_HAL_Driver/Src/stm32h7xx_hal.c.obj
 .debug_frame   0x00003210      0xc40 CMakeFiles/vidastech_main.dir/Drivers/STM32H7xx_HAL_Driver/Src/stm32h7xx_hal_i2c.c.obj
 .debug_frame   0x00003e50      0x100 CMakeFiles/vidastech_main.dir/Drivers/STM32H7xx_HAL_Driver/Src/stm32h7xx_hal_i2c_ex.c.obj
 .debug_frame   0x00003f50      0xf9c CMakeFiles/vidastech_main.dir/Drivers/STM32H7xx_HAL_Driver/Src/stm32h7xx_hal_fdcan.c.obj
 .debug_frame   0x00004eec      0x7a8 CMakeFiles/vidastech_main.dir/Drivers/STM32H7xx_HAL_Driver/Src/stm32h7xx_hal_spi.c.obj
 .debug_frame   0x00005694      0xa94 CMakeFiles/vidastech_main.dir/Drivers/STM32H7xx_HAL_Driver/Src/stm32h7xx_hal_uart.c.obj
 .debug_frame   0x00006128      0x2c0 CMakeFiles/vidastech_main.dir/Drivers/STM32H7xx_HAL_Driver/Src/stm32h7xx_hal_uart_ex.c.obj
 .debug_frame   0x000063e8       0x78 CMakeFiles/vidastech_main.dir/Core/Src/system_stm32h7xx.c.obj
 .debug_frame   0x00006460       0xd8 CMakeFiles/vidastech_main.dir/Middlewares/Third_Party/FreeRTOS/Source/list.c.obj
 .debug_frame   0x00006538      0x5ec CMakeFiles/vidastech_main.dir/Middlewares/Third_Party/FreeRTOS/Source/queue.c.obj
 .debug_frame   0x00006b24      0x8f0 CMakeFiles/vidastech_main.dir/Middlewares/Third_Party/FreeRTOS/Source/tasks.c.obj
 .debug_frame   0x00007414      0x400 CMakeFiles/vidastech_main.dir/Middlewares/Third_Party/FreeRTOS/Source/timers.c.obj
 .debug_frame   0x00007814      0xbc8 CMakeFiles/vidastech_main.dir/Middlewares/Third_Party/FreeRTOS/Source/CMSIS_RTOS_V2/cmsis_os2.c.obj
 .debug_frame   0x000083dc      0x12c CMakeFiles/vidastech_main.dir/Middlewares/Third_Party/FreeRTOS/Source/portable/MemMang/heap_4.c.obj
 .debug_frame   0x00008508      0x1a8 CMakeFiles/vidastech_main.dir/Middlewares/Third_Party/FreeRTOS/Source/portable/GCC/ARM_CM4F/port.c.obj
 .debug_frame   0x000086b0       0x2c C:/ST/STM32CubeCLT_1.18.0/GNU-tools-for-STM32/bin/../lib/gcc/arm-none-eabi/13.3.1/thumb/v7e-m+dp/hard\libgcc.a(_aeabi_uldivmod.o)
 .debug_frame   0x000086dc       0x34 C:/ST/STM32CubeCLT_1.18.0/GNU-tools-for-STM32/bin/../lib/gcc/arm-none-eabi/13.3.1/thumb/v7e-m+dp/hard\libgcc.a(_udivmoddi4.o)
 .debug_frame   0x00008710       0x28 C:/ST/STM32CubeCLT_1.18.0/GNU-tools-for-STM32/bin/../lib/gcc/arm-none-eabi/13.3.1/../../../../arm-none-eabi/lib/thumb/v7e-m+dp/hard\libg_nano.a(libc_a-memcpy-stub.o)

.debug_info     0x00000000    0x27074
 .debug_info    0x00000000     0x2a73 CMakeFiles/vidastech_main.dir/Core/Src/main.c.obj
 .debug_info    0x00002a73      0x129 CMakeFiles/vidastech_main.dir/Core/Src/stm32h7xx_it.c.obj
 .debug_info    0x00002b9c     0x2998 CMakeFiles/vidastech_main.dir/Core/Src/stm32h7xx_hal_msp.c.obj
 .debug_info    0x00005534     0x2320 CMakeFiles/vidastech_main.dir/Drivers/STM32H7xx_HAL_Driver/Src/stm32h7xx_hal_adc.c.obj
 .debug_info    0x00007854     0x22fa CMakeFiles/vidastech_main.dir/Drivers/STM32H7xx_HAL_Driver/Src/stm32h7xx_hal_adc_ex.c.obj
 .debug_info    0x00009b4e      0xd82 CMakeFiles/vidastech_main.dir/Drivers/STM32H7xx_HAL_Driver/Src/stm32h7xx_hal_rcc.c.obj
 .debug_info    0x0000a8d0     0x120b CMakeFiles/vidastech_main.dir/Drivers/STM32H7xx_HAL_Driver/Src/stm32h7xx_hal_rcc_ex.c.obj
 .debug_info    0x0000badb      0xc6b CMakeFiles/vidastech_main.dir/Drivers/STM32H7xx_HAL_Driver/Src/stm32h7xx_hal_gpio.c.obj
 .debug_info    0x0000c746      0xdce CMakeFiles/vidastech_main.dir/Drivers/STM32H7xx_HAL_Driver/Src/stm32h7xx_hal_pwr_ex.c.obj
 .debug_info    0x0000d514     0x10a5 CMakeFiles/vidastech_main.dir/Drivers/STM32H7xx_HAL_Driver/Src/stm32h7xx_hal_cortex.c.obj
 .debug_info    0x0000e5b9     0x1698 CMakeFiles/vidastech_main.dir/Drivers/STM32H7xx_HAL_Driver/Src/stm32h7xx_hal.c.obj
 .debug_info    0x0000fc51     0x22c9 CMakeFiles/vidastech_main.dir/Drivers/STM32H7xx_HAL_Driver/Src/stm32h7xx_hal_i2c.c.obj
 .debug_info    0x00011f1a      0xd95 CMakeFiles/vidastech_main.dir/Drivers/STM32H7xx_HAL_Driver/Src/stm32h7xx_hal_i2c_ex.c.obj
 .debug_info    0x00012caf     0x2baf CMakeFiles/vidastech_main.dir/Drivers/STM32H7xx_HAL_Driver/Src/stm32h7xx_hal_fdcan.c.obj
 .debug_info    0x0001585e     0x144a CMakeFiles/vidastech_main.dir/Drivers/STM32H7xx_HAL_Driver/Src/stm32h7xx_hal_spi.c.obj
 .debug_info    0x00016ca8     0x4b1d CMakeFiles/vidastech_main.dir/Drivers/STM32H7xx_HAL_Driver/Src/stm32h7xx_hal_uart.c.obj
 .debug_info    0x0001b7c5      0xfbf CMakeFiles/vidastech_main.dir/Drivers/STM32H7xx_HAL_Driver/Src/stm32h7xx_hal_uart_ex.c.obj
 .debug_info    0x0001c784      0xbf0 CMakeFiles/vidastech_main.dir/Core/Src/system_stm32h7xx.c.obj
 .debug_info    0x0001d374      0x2af CMakeFiles/vidastech_main.dir/Middlewares/Third_Party/FreeRTOS/Source/list.c.obj
 .debug_info    0x0001d623     0x1b79 CMakeFiles/vidastech_main.dir/Middlewares/Third_Party/FreeRTOS/Source/queue.c.obj
 .debug_info    0x0001f19c     0x21ec CMakeFiles/vidastech_main.dir/Middlewares/Third_Party/FreeRTOS/Source/tasks.c.obj
 .debug_info    0x00021388     0x1488 CMakeFiles/vidastech_main.dir/Middlewares/Third_Party/FreeRTOS/Source/timers.c.obj
 .debug_info    0x00022810     0x3d60 CMakeFiles/vidastech_main.dir/Middlewares/Third_Party/FreeRTOS/Source/CMSIS_RTOS_V2/cmsis_os2.c.obj
 .debug_info    0x00026570      0x4d5 CMakeFiles/vidastech_main.dir/Middlewares/Third_Party/FreeRTOS/Source/portable/MemMang/heap_4.c.obj
 .debug_info    0x00026a45      0x4de CMakeFiles/vidastech_main.dir/Middlewares/Third_Party/FreeRTOS/Source/portable/GCC/ARM_CM4F/port.c.obj
 .debug_info    0x00026f23       0x30 CMakeFiles/vidastech_main.dir/startup_stm32h723xx.s.obj
 .debug_info    0x00026f53      0x121 C:/ST/STM32CubeCLT_1.18.0/GNU-tools-for-STM32/bin/../lib/gcc/arm-none-eabi/13.3.1/../../../../arm-none-eabi/lib/thumb/v7e-m+dp/hard\libg_nano.a(libc_a-memcpy-stub.o)

.debug_abbrev   0x00000000     0x42cf
 .debug_abbrev  0x00000000      0x31d CMakeFiles/vidastech_main.dir/Core/Src/main.c.obj
 .debug_abbrev  0x0000031d       0xaa CMakeFiles/vidastech_main.dir/Core/Src/stm32h7xx_it.c.obj
 .debug_abbrev  0x000003c7      0x259 CMakeFiles/vidastech_main.dir/Core/Src/stm32h7xx_hal_msp.c.obj
 .debug_abbrev  0x00000620      0x307 CMakeFiles/vidastech_main.dir/Drivers/STM32H7xx_HAL_Driver/Src/stm32h7xx_hal_adc.c.obj
 .debug_abbrev  0x00000927      0x345 CMakeFiles/vidastech_main.dir/Drivers/STM32H7xx_HAL_Driver/Src/stm32h7xx_hal_adc_ex.c.obj
 .debug_abbrev  0x00000c6c      0x2b1 CMakeFiles/vidastech_main.dir/Drivers/STM32H7xx_HAL_Driver/Src/stm32h7xx_hal_rcc.c.obj
 .debug_abbrev  0x00000f1d      0x269 CMakeFiles/vidastech_main.dir/Drivers/STM32H7xx_HAL_Driver/Src/stm32h7xx_hal_rcc_ex.c.obj
 .debug_abbrev  0x00001186      0x205 CMakeFiles/vidastech_main.dir/Drivers/STM32H7xx_HAL_Driver/Src/stm32h7xx_hal_gpio.c.obj
 .debug_abbrev  0x0000138b      0x295 CMakeFiles/vidastech_main.dir/Drivers/STM32H7xx_HAL_Driver/Src/stm32h7xx_hal_pwr_ex.c.obj
 .debug_abbrev  0x00001620      0x339 CMakeFiles/vidastech_main.dir/Drivers/STM32H7xx_HAL_Driver/Src/stm32h7xx_hal_cortex.c.obj
 .debug_abbrev  0x00001959      0x29e CMakeFiles/vidastech_main.dir/Drivers/STM32H7xx_HAL_Driver/Src/stm32h7xx_hal.c.obj
 .debug_abbrev  0x00001bf7      0x25d CMakeFiles/vidastech_main.dir/Drivers/STM32H7xx_HAL_Driver/Src/stm32h7xx_hal_i2c.c.obj
 .debug_abbrev  0x00001e54      0x1f5 CMakeFiles/vidastech_main.dir/Drivers/STM32H7xx_HAL_Driver/Src/stm32h7xx_hal_i2c_ex.c.obj
 .debug_abbrev  0x00002049      0x288 CMakeFiles/vidastech_main.dir/Drivers/STM32H7xx_HAL_Driver/Src/stm32h7xx_hal_fdcan.c.obj
 .debug_abbrev  0x000022d1      0x2b1 CMakeFiles/vidastech_main.dir/Drivers/STM32H7xx_HAL_Driver/Src/stm32h7xx_hal_spi.c.obj
 .debug_abbrev  0x00002582      0x33d CMakeFiles/vidastech_main.dir/Drivers/STM32H7xx_HAL_Driver/Src/stm32h7xx_hal_uart.c.obj
 .debug_abbrev  0x000028bf      0x2d2 CMakeFiles/vidastech_main.dir/Drivers/STM32H7xx_HAL_Driver/Src/stm32h7xx_hal_uart_ex.c.obj
 .debug_abbrev  0x00002b91      0x153 CMakeFiles/vidastech_main.dir/Core/Src/system_stm32h7xx.c.obj
 .debug_abbrev  0x00002ce4       0xf5 CMakeFiles/vidastech_main.dir/Middlewares/Third_Party/FreeRTOS/Source/list.c.obj
 .debug_abbrev  0x00002dd9      0x3b6 CMakeFiles/vidastech_main.dir/Middlewares/Third_Party/FreeRTOS/Source/queue.c.obj
 .debug_abbrev  0x0000318f      0x386 CMakeFiles/vidastech_main.dir/Middlewares/Third_Party/FreeRTOS/Source/tasks.c.obj
 .debug_abbrev  0x00003515      0x352 CMakeFiles/vidastech_main.dir/Middlewares/Third_Party/FreeRTOS/Source/timers.c.obj
 .debug_abbrev  0x00003867      0x50a CMakeFiles/vidastech_main.dir/Middlewares/Third_Party/FreeRTOS/Source/CMSIS_RTOS_V2/cmsis_os2.c.obj
 .debug_abbrev  0x00003d71      0x21d CMakeFiles/vidastech_main.dir/Middlewares/Third_Party/FreeRTOS/Source/portable/MemMang/heap_4.c.obj
 .debug_abbrev  0x00003f8e      0x25c CMakeFiles/vidastech_main.dir/Middlewares/Third_Party/FreeRTOS/Source/portable/GCC/ARM_CM4F/port.c.obj
 .debug_abbrev  0x000041ea       0x24 CMakeFiles/vidastech_main.dir/startup_stm32h723xx.s.obj
 .debug_abbrev  0x0000420e       0xc1 C:/ST/STM32CubeCLT_1.18.0/GNU-tools-for-STM32/bin/../lib/gcc/arm-none-eabi/13.3.1/../../../../arm-none-eabi/lib/thumb/v7e-m+dp/hard\libg_nano.a(libc_a-memcpy-stub.o)

.debug_aranges  0x00000000     0x1f00
 .debug_aranges
                0x00000000       0x88 CMakeFiles/vidastech_main.dir/Core/Src/main.c.obj
 .debug_aranges
                0x00000088       0x50 CMakeFiles/vidastech_main.dir/Core/Src/stm32h7xx_it.c.obj
 .debug_aranges
                0x000000d8       0x70 CMakeFiles/vidastech_main.dir/Core/Src/stm32h7xx_hal_msp.c.obj
 .debug_aranges
                0x00000148      0x268 CMakeFiles/vidastech_main.dir/Drivers/STM32H7xx_HAL_Driver/Src/stm32h7xx_hal_adc.c.obj
 .debug_aranges
                0x000003b0      0x1f8 CMakeFiles/vidastech_main.dir/Drivers/STM32H7xx_HAL_Driver/Src/stm32h7xx_hal_adc_ex.c.obj
 .debug_aranges
                0x000005a8       0x88 CMakeFiles/vidastech_main.dir/Drivers/STM32H7xx_HAL_Driver/Src/stm32h7xx_hal_rcc.c.obj
 .debug_aranges
                0x00000630       0xf8 CMakeFiles/vidastech_main.dir/Drivers/STM32H7xx_HAL_Driver/Src/stm32h7xx_hal_rcc_ex.c.obj
 .debug_aranges
                0x00000728       0x58 CMakeFiles/vidastech_main.dir/Drivers/STM32H7xx_HAL_Driver/Src/stm32h7xx_hal_gpio.c.obj
 .debug_aranges
                0x00000780      0x148 CMakeFiles/vidastech_main.dir/Drivers/STM32H7xx_HAL_Driver/Src/stm32h7xx_hal_pwr_ex.c.obj
 .debug_aranges
                0x000008c8      0x130 CMakeFiles/vidastech_main.dir/Drivers/STM32H7xx_HAL_Driver/Src/stm32h7xx_hal_cortex.c.obj
 .debug_aranges
                0x000009f8      0x1c8 CMakeFiles/vidastech_main.dir/Drivers/STM32H7xx_HAL_Driver/Src/stm32h7xx_hal.c.obj
 .debug_aranges
                0x00000bc0      0x2a0 CMakeFiles/vidastech_main.dir/Drivers/STM32H7xx_HAL_Driver/Src/stm32h7xx_hal_i2c.c.obj
 .debug_aranges
                0x00000e60       0x48 CMakeFiles/vidastech_main.dir/Drivers/STM32H7xx_HAL_Driver/Src/stm32h7xx_hal_i2c_ex.c.obj
 .debug_aranges
                0x00000ea8      0x338 CMakeFiles/vidastech_main.dir/Drivers/STM32H7xx_HAL_Driver/Src/stm32h7xx_hal_fdcan.c.obj
 .debug_aranges
                0x000011e0      0x1a8 CMakeFiles/vidastech_main.dir/Drivers/STM32H7xx_HAL_Driver/Src/stm32h7xx_hal_spi.c.obj
 .debug_aranges
                0x00001388      0x248 CMakeFiles/vidastech_main.dir/Drivers/STM32H7xx_HAL_Driver/Src/stm32h7xx_hal_uart.c.obj
 .debug_aranges
                0x000015d0       0xa8 CMakeFiles/vidastech_main.dir/Drivers/STM32H7xx_HAL_Driver/Src/stm32h7xx_hal_uart_ex.c.obj
 .debug_aranges
                0x00001678       0x30 CMakeFiles/vidastech_main.dir/Core/Src/system_stm32h7xx.c.obj
 .debug_aranges
                0x000016a8       0x40 CMakeFiles/vidastech_main.dir/Middlewares/Third_Party/FreeRTOS/Source/list.c.obj
 .debug_aranges
                0x000016e8      0x158 CMakeFiles/vidastech_main.dir/Middlewares/Third_Party/FreeRTOS/Source/queue.c.obj
 .debug_aranges
                0x00001840      0x208 CMakeFiles/vidastech_main.dir/Middlewares/Third_Party/FreeRTOS/Source/tasks.c.obj
 .debug_aranges
                0x00001a48       0xf0 CMakeFiles/vidastech_main.dir/Middlewares/Third_Party/FreeRTOS/Source/timers.c.obj
 .debug_aranges
                0x00001b38      0x2a8 CMakeFiles/vidastech_main.dir/Middlewares/Third_Party/FreeRTOS/Source/CMSIS_RTOS_V2/cmsis_os2.c.obj
 .debug_aranges
                0x00001de0       0x58 CMakeFiles/vidastech_main.dir/Middlewares/Third_Party/FreeRTOS/Source/portable/MemMang/heap_4.c.obj
 .debug_aranges
                0x00001e38       0x80 CMakeFiles/vidastech_main.dir/Middlewares/Third_Party/FreeRTOS/Source/portable/GCC/ARM_CM4F/port.c.obj
 .debug_aranges
                0x00001eb8       0x28 CMakeFiles/vidastech_main.dir/startup_stm32h723xx.s.obj
 .debug_aranges
                0x00001ee0       0x20 C:/ST/STM32CubeCLT_1.18.0/GNU-tools-for-STM32/bin/../lib/gcc/arm-none-eabi/13.3.1/../../../../arm-none-eabi/lib/thumb/v7e-m+dp/hard\libg_nano.a(libc_a-memcpy-stub.o)

.debug_rnglists
                0x00000000     0x181a
 .debug_rnglists
                0x00000000       0x6b CMakeFiles/vidastech_main.dir/Core/Src/main.c.obj
 .debug_rnglists
                0x0000006b       0x37 CMakeFiles/vidastech_main.dir/Core/Src/stm32h7xx_it.c.obj
 .debug_rnglists
                0x000000a2       0x55 CMakeFiles/vidastech_main.dir/Core/Src/stm32h7xx_hal_msp.c.obj
 .debug_rnglists
                0x000000f7      0x1db CMakeFiles/vidastech_main.dir/Drivers/STM32H7xx_HAL_Driver/Src/stm32h7xx_hal_adc.c.obj
 .debug_rnglists
                0x000002d2      0x188 CMakeFiles/vidastech_main.dir/Drivers/STM32H7xx_HAL_Driver/Src/stm32h7xx_hal_adc_ex.c.obj
 .debug_rnglists
                0x0000045a       0x68 CMakeFiles/vidastech_main.dir/Drivers/STM32H7xx_HAL_Driver/Src/stm32h7xx_hal_rcc.c.obj
 .debug_rnglists
                0x000004c2       0xc0 CMakeFiles/vidastech_main.dir/Drivers/STM32H7xx_HAL_Driver/Src/stm32h7xx_hal_rcc_ex.c.obj
 .debug_rnglists
                0x00000582       0x3f CMakeFiles/vidastech_main.dir/Drivers/STM32H7xx_HAL_Driver/Src/stm32h7xx_hal_gpio.c.obj
 .debug_rnglists
                0x000005c1       0xf5 CMakeFiles/vidastech_main.dir/Drivers/STM32H7xx_HAL_Driver/Src/stm32h7xx_hal_pwr_ex.c.obj
 .debug_rnglists
                0x000006b6       0xe0 CMakeFiles/vidastech_main.dir/Drivers/STM32H7xx_HAL_Driver/Src/stm32h7xx_hal_cortex.c.obj
 .debug_rnglists
                0x00000796      0x155 CMakeFiles/vidastech_main.dir/Drivers/STM32H7xx_HAL_Driver/Src/stm32h7xx_hal.c.obj
 .debug_rnglists
                0x000008eb      0x22a CMakeFiles/vidastech_main.dir/Drivers/STM32H7xx_HAL_Driver/Src/stm32h7xx_hal_i2c.c.obj
 .debug_rnglists
                0x00000b15       0x35 CMakeFiles/vidastech_main.dir/Drivers/STM32H7xx_HAL_Driver/Src/stm32h7xx_hal_i2c_ex.c.obj
 .debug_rnglists
                0x00000b4a      0x28b CMakeFiles/vidastech_main.dir/Drivers/STM32H7xx_HAL_Driver/Src/stm32h7xx_hal_fdcan.c.obj
 .debug_rnglists
                0x00000dd5      0x148 CMakeFiles/vidastech_main.dir/Drivers/STM32H7xx_HAL_Driver/Src/stm32h7xx_hal_spi.c.obj
 .debug_rnglists
                0x00000f1d      0x1fa CMakeFiles/vidastech_main.dir/Drivers/STM32H7xx_HAL_Driver/Src/stm32h7xx_hal_uart.c.obj
 .debug_rnglists
                0x00001117       0x7f CMakeFiles/vidastech_main.dir/Drivers/STM32H7xx_HAL_Driver/Src/stm32h7xx_hal_uart_ex.c.obj
 .debug_rnglists
                0x00001196       0x21 CMakeFiles/vidastech_main.dir/Core/Src/system_stm32h7xx.c.obj
 .debug_rnglists
                0x000011b7       0x2b CMakeFiles/vidastech_main.dir/Middlewares/Third_Party/FreeRTOS/Source/list.c.obj
 .debug_rnglists
                0x000011e2      0x109 CMakeFiles/vidastech_main.dir/Middlewares/Third_Party/FreeRTOS/Source/queue.c.obj
 .debug_rnglists
                0x000012eb      0x1a0 CMakeFiles/vidastech_main.dir/Middlewares/Third_Party/FreeRTOS/Source/tasks.c.obj
 .debug_rnglists